Archive member included to satisfy reference by file (symbol)

/Users/lorenzo/ti/msp430-gcc-9.3.0.31_macos/bin/../lib/gcc/msp430-elf/9.3.0/../../../../msp430-elf/lib/large/libc.a(lib_a-exit.o)
                              ./monitor/monitor.o (exit)
/Users/lorenzo/ti/msp430-gcc-9.3.0.31_macos/bin/../lib/gcc/msp430-elf/9.3.0/../../../../msp430-elf/lib/large/libc.a(lib_a-fflush.o)
                              ./monitor/monitor.o (fflush)
/Users/lorenzo/ti/msp430-gcc-9.3.0.31_macos/bin/../lib/gcc/msp430-elf/9.3.0/../../../../msp430-elf/lib/large/libc.a(lib_a-findfp.o)
                              /Users/lorenzo/ti/msp430-gcc-9.3.0.31_macos/bin/../lib/gcc/msp430-elf/9.3.0/../../../../msp430-elf/lib/large/libc.a(lib_a-fflush.o) (__sinit)
/Users/lorenzo/ti/msp430-gcc-9.3.0.31_macos/bin/../lib/gcc/msp430-elf/9.3.0/../../../../msp430-elf/lib/large/libc.a(lib_a-fprintf.o)
                              ./monitor/monitor.o (fprintf)
/Users/lorenzo/ti/msp430-gcc-9.3.0.31_macos/bin/../lib/gcc/msp430-elf/9.3.0/../../../../msp430-elf/lib/large/libc.a(lib_a-fwalk.o)
                              /Users/lorenzo/ti/msp430-gcc-9.3.0.31_macos/bin/../lib/gcc/msp430-elf/9.3.0/../../../../msp430-elf/lib/large/libc.a(lib_a-findfp.o) (_fwalk)
/Users/lorenzo/ti/msp430-gcc-9.3.0.31_macos/bin/../lib/gcc/msp430-elf/9.3.0/../../../../msp430-elf/lib/large/libc.a(lib_a-fwrite.o)
                              ./monitor/monitor.o (fwrite)
/Users/lorenzo/ti/msp430-gcc-9.3.0.31_macos/bin/../lib/gcc/msp430-elf/9.3.0/../../../../msp430-elf/lib/large/libc.a(lib_a-impure.o)
                              /Users/lorenzo/ti/msp430-gcc-9.3.0.31_macos/bin/../lib/gcc/msp430-elf/9.3.0/../../../../msp430-elf/lib/large/libc.a(lib_a-exit.o) (_global_impure_ptr)
/Users/lorenzo/ti/msp430-gcc-9.3.0.31_macos/bin/../lib/gcc/msp430-elf/9.3.0/../../../../msp430-elf/lib/large/libc.a(lib_a-malloc.o)
                              ./monitor/monitor.o (malloc)
/Users/lorenzo/ti/msp430-gcc-9.3.0.31_macos/bin/../lib/gcc/msp430-elf/9.3.0/../../../../msp430-elf/lib/large/libc.a(lib_a-memset.o)
                              /Users/lorenzo/ti/msp430-gcc-9.3.0.31_macos/bin/../lib/gcc/msp430-elf/9.3.0/../../../../msp430-elf/lib/large/libc.a(lib_a-findfp.o) (memset)
/Users/lorenzo/ti/msp430-gcc-9.3.0.31_macos/bin/../lib/gcc/msp430-elf/9.3.0/../../../../msp430-elf/lib/large/libc.a(lib_a-nano-freer.o)
                              /Users/lorenzo/ti/msp430-gcc-9.3.0.31_macos/bin/../lib/gcc/msp430-elf/9.3.0/../../../../msp430-elf/lib/large/libc.a(lib_a-fflush.o) (_free_r)
/Users/lorenzo/ti/msp430-gcc-9.3.0.31_macos/bin/../lib/gcc/msp430-elf/9.3.0/../../../../msp430-elf/lib/large/libc.a(lib_a-nano-mallocr.o)
                              /Users/lorenzo/ti/msp430-gcc-9.3.0.31_macos/bin/../lib/gcc/msp430-elf/9.3.0/../../../../msp430-elf/lib/large/libc.a(lib_a-findfp.o) (_malloc_r)
/Users/lorenzo/ti/msp430-gcc-9.3.0.31_macos/bin/../lib/gcc/msp430-elf/9.3.0/../../../../msp430-elf/lib/large/libc.a(lib_a-nano-vfprintf.o)
                              /Users/lorenzo/ti/msp430-gcc-9.3.0.31_macos/bin/../lib/gcc/msp430-elf/9.3.0/../../../../msp430-elf/lib/large/libc.a(lib_a-fprintf.o) (_vfprintf_r)
/Users/lorenzo/ti/msp430-gcc-9.3.0.31_macos/bin/../lib/gcc/msp430-elf/9.3.0/../../../../msp430-elf/lib/large/libc.a(lib_a-nano-vfprintf_i.o)
                              /Users/lorenzo/ti/msp430-gcc-9.3.0.31_macos/bin/../lib/gcc/msp430-elf/9.3.0/../../../../msp430-elf/lib/large/libc.a(lib_a-nano-vfprintf.o) (_printf_i)
/Users/lorenzo/ti/msp430-gcc-9.3.0.31_macos/bin/../lib/gcc/msp430-elf/9.3.0/../../../../msp430-elf/lib/large/libc.a(lib_a-sbrkr.o)
                              /Users/lorenzo/ti/msp430-gcc-9.3.0.31_macos/bin/../lib/gcc/msp430-elf/9.3.0/../../../../msp430-elf/lib/large/libc.a(lib_a-nano-mallocr.o) (_sbrk_r)
/Users/lorenzo/ti/msp430-gcc-9.3.0.31_macos/bin/../lib/gcc/msp430-elf/9.3.0/../../../../msp430-elf/lib/large/libc.a(lib_a-stdio.o)
                              /Users/lorenzo/ti/msp430-gcc-9.3.0.31_macos/bin/../lib/gcc/msp430-elf/9.3.0/../../../../msp430-elf/lib/large/libc.a(lib_a-findfp.o) (__sread)
/Users/lorenzo/ti/msp430-gcc-9.3.0.31_macos/bin/../lib/gcc/msp430-elf/9.3.0/../../../../msp430-elf/lib/large/libc.a(lib_a-wbuf.o)
                              /Users/lorenzo/ti/msp430-gcc-9.3.0.31_macos/bin/../lib/gcc/msp430-elf/9.3.0/../../../../msp430-elf/lib/large/libc.a(lib_a-nano-vfprintf.o) (__swbuf_r)
/Users/lorenzo/ti/msp430-gcc-9.3.0.31_macos/bin/../lib/gcc/msp430-elf/9.3.0/../../../../msp430-elf/lib/large/libc.a(lib_a-writer.o)
                              /Users/lorenzo/ti/msp430-gcc-9.3.0.31_macos/bin/../lib/gcc/msp430-elf/9.3.0/../../../../msp430-elf/lib/large/libc.a(lib_a-stdio.o) (_write_r)
/Users/lorenzo/ti/msp430-gcc-9.3.0.31_macos/bin/../lib/gcc/msp430-elf/9.3.0/../../../../msp430-elf/lib/large/libc.a(lib_a-wsetup.o)
[...]
Memory Configuration

Name             Origin             Length             Attributes
SFR              0x0000000000000000 0x0000000000000010
BSL              0x0000000000001000 0x0000000000000800
RAM              0x0000000000001c00 0x0000000000000800
INFOMEM          0x0000000000001800 0x0000000000000200
INFOA            0x0000000000001980 0x0000000000000080
INFOB            0x0000000000001900 0x0000000000000080
INFOC            0x0000000000001880 0x0000000000000080
INFOD            0x0000000000001800 0x0000000000000080
FRAM             0x0000000000004400 0x000000000000bb80 xr
HIFRAM           0x0000000000010000 0x0000000000003ff7 xrw
JTAGSIGNATURE    0x000000000000ff80 0x0000000000000004
BSLSIGNATURE     0x000000000000ff84 0x0000000000000004
IPESIGNATURE     0x000000000000ff88 0x0000000000000008
VECT1            0x000000000000ff90 0x0000000000000002
VECT2            0x000000000000ff92 0x0000000000000002
VECT3            0x000000000000ff94 0x0000000000000002
VECT4            0x000000000000ff96 0x0000000000000002
VECT5            0x000000000000ff98 0x0000000000000002
VECT6            0x000000000000ff9a 0x0000000000000002
VECT7            0x000000000000ff9c 0x0000000000000002
VECT8            0x000000000000ff9e 0x0000000000000002
VECT9            0x000000000000ffa0 0x0000000000000002
VECT10           0x000000000000ffa2 0x0000000000000002
VECT11           0x000000000000ffa4 0x0000000000000002
VECT12           0x000000000000ffa6 0x0000000000000002
VECT13           0x000000000000ffa8 0x0000000000000002
VECT14           0x000000000000ffaa 0x0000000000000002
VECT15           0x000000000000ffac 0x0000000000000002
VECT16           0x000000000000ffae 0x0000000000000002
VECT17           0x000000000000ffb0 0x0000000000000002
VECT18           0x000000000000ffb2 0x0000000000000002
VECT19           0x000000000000ffb4 0x0000000000000002
VECT20           0x000000000000ffb6 0x0000000000000002
VECT21           0x000000000000ffb8 0x0000000000000002
VECT22           0x000000000000ffba 0x0000000000000002
VECT23           0x000000000000ffbc 0x0000000000000002
VECT24           0x000000000000ffbe 0x0000000000000002
VECT25           0x000000000000ffc0 0x0000000000000002
VECT26           0x000000000000ffc2 0x0000000000000002
VECT27           0x000000000000ffc4 0x0000000000000002
VECT28           0x000000000000ffc6 0x0000000000000002
VECT29           0x000000000000ffc8 0x0000000000000002
VECT30           0x000000000000ffca 0x0000000000000002
VECT31           0x000000000000ffcc 0x0000000000000002
VECT32           0x000000000000ffce 0x0000000000000002
VECT33           0x000000000000ffd0 0x0000000000000002
VECT34           0x000000000000ffd2 0x0000000000000002
VECT35           0x000000000000ffd4 0x0000000000000002
VECT36           0x000000000000ffd6 0x0000000000000002
VECT37           0x000000000000ffd8 0x0000000000000002
VECT38           0x000000000000ffda 0x0000000000000002
VECT39           0x000000000000ffdc 0x0000000000000002
VECT40           0x000000000000ffde 0x0000000000000002
VECT41           0x000000000000ffe0 0x0000000000000002
VECT42           0x000000000000ffe2 0x0000000000000002
VECT43           0x000000000000ffe4 0x0000000000000002
VECT44           0x000000000000ffe6 0x0000000000000002
VECT45           0x000000000000ffe8 0x0000000000000002
VECT46           0x000000000000ffea 0x0000000000000002
VECT47           0x000000000000ffec 0x0000000000000002
VECT48           0x000000000000ffee 0x0000000000000002
VECT49           0x000000000000fff0 0x0000000000000002
VECT50           0x000000000000fff2 0x0000000000000002
VECT51           0x000000000000fff4 0x0000000000000002
VECT52           0x000000000000fff6 0x0000000000000002
VECT53           0x000000000000fff8 0x0000000000000002
VECT54           0x000000000000fffa 0x0000000000000002
VECT55           0x000000000000fffc 0x0000000000000002
RESETVEC         0x000000000000fffe 0x0000000000000002
*default*        0x0000000000000000 0xffffffffffffffff

Linker script and memory map

LOAD /Users/lorenzo/ti/msp430-gcc-9.3.0.31_macos/bin/../lib/gcc/msp430-elf/9.3.0/../../../../msp430-elf/lib/large/crt0.o
LOAD /Users/lorenzo/ti/msp430-gcc-9.3.0.31_macos/bin/../lib/gcc/msp430-elf/9.3.0/large/crtbegin_no_eh.o
LOAD ./application.o
LOAD ./main.o
LOAD ./monitor/monitor.o
LOAD ./tiny-ink/boot.o
LOAD ./tiny-ink/mcu/msp430/dma.o
LOAD ./tiny-ink/mcu/msp430/msp430fr5969.o
LOAD ./tiny-ink/scheduler/priority.o
LOAD ./tiny-ink/scheduler/scheduler.o
LOAD ./tiny-ink/scheduler/thread.o
START GROUP
LOAD /Users/lorenzo/ti/msp430-gcc-9.3.0.31_macos/bin/../lib/gcc/msp430-elf/9.3.0/large/libgcc.a
LOAD /Users/lorenzo/ti/msp430-gcc-9.3.0.31_macos/bin/../lib/gcc/msp430-elf/9.3.0/../../../../msp430-elf/lib/large/libc.a
END GROUP
LOAD /Users/lorenzo/ti/msp430-gcc-9.3.0.31_macos/bin/../lib/gcc/msp430-elf/9.3.0/large/libgcc.a
START GROUP
LOAD /Users/lorenzo/ti/msp430-gcc-9.3.0.31_macos/bin/../lib/gcc/msp430-elf/9.3.0/large/libmul_f5.a
LOAD /Users/lorenzo/ti/msp430-gcc-9.3.0.31_macos/bin/../lib/gcc/msp430-elf/9.3.0/../../../../msp430-elf/lib/large/libc.a
LOAD /Users/lorenzo/ti/msp430-gcc-9.3.0.31_macos/bin/../lib/gcc/msp430-elf/9.3.0/large/libgcc.a
LOAD /Users/lorenzo/ti/msp430-gcc-9.3.0.31_macos/bin/../lib/gcc/msp430-elf/9.3.0/../../../../msp430-elf/lib/large/libcrt.a
LOAD /Users/lorenzo/ti/msp430-gcc-9.3.0.31_macos/bin/../lib/gcc/msp430-elf/9.3.0/../../../../msp430-elf/lib/large/libnosys.a
END GROUP

.jtagsignature

.bslsignature

.ipe
 *(.ipesignature)
 *(.jtagpassword)

__interrupt_vector_1
 *(__interrupt_vector_1)

__interrupt_vector_2
 *(__interrupt_vector_2)

__interrupt_vector_3
 *(__interrupt_vector_3)

__interrupt_vector_4
 *(__interrupt_vector_4)

__interrupt_vector_5
 *(__interrupt_vector_5)

__interrupt_vector_6
 *(__interrupt_vector_6)

__interrupt_vector_7
 *(__interrupt_vector_7)

__interrupt_vector_8
 *(__interrupt_vector_8)

__interrupt_vector_9
 *(__interrupt_vector_9)

__interrupt_vector_10
 *(__interrupt_vector_10)

__interrupt_vector_11
 *(__interrupt_vector_11)

__interrupt_vector_12
 *(__interrupt_vector_12)

__interrupt_vector_13
 *(__interrupt_vector_13)

__interrupt_vector_14
 *(__interrupt_vector_14)

__interrupt_vector_15
 *(__interrupt_vector_15)

__interrupt_vector_16
 *(__interrupt_vector_16)

__interrupt_vector_17
 *(__interrupt_vector_17)

__interrupt_vector_18
 *(__interrupt_vector_18)

__interrupt_vector_19
 *(__interrupt_vector_19)

__interrupt_vector_20
 *(__interrupt_vector_20)

__interrupt_vector_21
 *(__interrupt_vector_21)

__interrupt_vector_22
 *(__interrupt_vector_22)

__interrupt_vector_23
 *(__interrupt_vector_23)

__interrupt_vector_24
 *(__interrupt_vector_24)

__interrupt_vector_25
 *(__interrupt_vector_25)

__interrupt_vector_26
 *(__interrupt_vector_26)

__interrupt_vector_27
 *(__interrupt_vector_27)

__interrupt_vector_28
 *(__interrupt_vector_28)

__interrupt_vector_29
 *(__interrupt_vector_29)

__interrupt_vector_30
 *(__interrupt_vector_30)

__interrupt_vector_31
 *(__interrupt_vector_31)
 *(__interrupt_vector_aes256)

__interrupt_vector_32
 *(__interrupt_vector_32)
 *(__interrupt_vector_rtc)

__interrupt_vector_33
 *(__interrupt_vector_33)
 *(__interrupt_vector_port4)

__interrupt_vector_34
 *(__interrupt_vector_34)
 *(__interrupt_vector_port3)

__interrupt_vector_35
 *(__interrupt_vector_35)
 *(__interrupt_vector_timer3_a1)

__interrupt_vector_36
 *(__interrupt_vector_36)
 *(__interrupt_vector_timer3_a0)

__interrupt_vector_37
 *(__interrupt_vector_37)
 *(__interrupt_vector_port2)

__interrupt_vector_38
 *(__interrupt_vector_38)
 *(__interrupt_vector_timer2_a1)

__interrupt_vector_39
 *(__interrupt_vector_39)
 *(__interrupt_vector_timer2_a0)

__interrupt_vector_40
 *(__interrupt_vector_40)
 *(__interrupt_vector_port1)

__interrupt_vector_41
 *(__interrupt_vector_41)
 *(__interrupt_vector_timer1_a1)

__interrupt_vector_42
 *(__interrupt_vector_42)
 *(__interrupt_vector_timer1_a0)

__interrupt_vector_43
 *(__interrupt_vector_43)
 *(__interrupt_vector_dma)

__interrupt_vector_44
 *(__interrupt_vector_44)
 *(__interrupt_vector_usci_a1)

__interrupt_vector_45
 *(__interrupt_vector_45)
 *(__interrupt_vector_timer0_a1)

__interrupt_vector_46
 *(__interrupt_vector_46)
 *(__interrupt_vector_timer0_a0)

__interrupt_vector_47
 *(__interrupt_vector_47)
 *(__interrupt_vector_adc12)

__interrupt_vector_48
 *(__interrupt_vector_48)
 *(__interrupt_vector_usci_b0)

__interrupt_vector_49
 *(__interrupt_vector_49)
 *(__interrupt_vector_usci_a0)

__interrupt_vector_50
 *(__interrupt_vector_50)
 *(__interrupt_vector_wdt)

__interrupt_vector_51
 *(__interrupt_vector_51)
 *(__interrupt_vector_timer0_b1)

__interrupt_vector_52
 *(__interrupt_vector_52)
 *(__interrupt_vector_timer0_b0)

__interrupt_vector_53
 *(__interrupt_vector_53)
 *(__interrupt_vector_comp_e)

__interrupt_vector_54
 *(__interrupt_vector_54)
 *(__interrupt_vector_unmi)

__interrupt_vector_55
 *(__interrupt_vector_55)
 *(__interrupt_vector_sysnmi)

__reset_vector  0x000000000000fffe        0x2
 *(__interrupt_vector_56)
 *(__interrupt_vector_reset)
 *(.resetvec)
 .resetvec      0x000000000000fffe        0x2 /Users/lorenzo/ti/msp430-gcc-9.3.0.31_macos/bin/../lib/gcc/msp430-elf/9.3.0/../../../../msp430-elf/lib/large/crt0.o

.lower.rodata   0x0000000000004400        0x0
                0x0000000000004400                . = ALIGN (0x2)
 *(.lower.rodata.* .lower.rodata)

.rodata         0x0000000000004400      0x4f5
                0x0000000000004400                . = ALIGN (0x2)
 *(.plt)
 *(.rodata .rodata.* .gnu.linkonce.r.* .const .const:*)
 .rodata.str1.1
                0x0000000000004400      0x351 ./monitor/monitor.o
 .rodata        0x0000000000004751      0x108 ./tiny-ink/scheduler/priority.o
 *fill*         0x0000000000004859        0x1 
 .rodata.__sf_fake_stderr
                0x000000000000485a       0x18 /Users/lorenzo/ti/msp430-gcc-9.3.0.31_macos/bin/../lib/gcc/msp430-elf/9.3.0/../../../../msp430-elf/lib/large/libc.a(lib_a-findfp.o)
                0x000000000000485a                __sf_fake_stderr
 .rodata.__sf_fake_stdout
                0x0000000000004872       0x18 /Users/lorenzo/ti/msp430-gcc-9.3.0.31_macos/bin/../lib/gcc/msp430-elf/9.3.0/../../../../msp430-elf/lib/large/libc.a(lib_a-findfp.o)
                0x0000000000004872                __sf_fake_stdout
 .rodata.__sf_fake_stdin
                0x000000000000488a       0x18 /Users/lorenzo/ti/msp430-gcc-9.3.0.31_macos/bin/../lib/gcc/msp430-elf/9.3.0/../../../../msp430-elf/lib/large/libc.a(lib_a-findfp.o)
                0x000000000000488a                __sf_fake_stdin
 .rodata._global_impure_ptr
                0x00000000000048a2        0x4 /Users/lorenzo/ti/msp430-gcc-9.3.0.31_macos/bin/../lib/gcc/msp430-elf/9.3.0/../../../../msp430-elf/lib/large/libc.a(lib_a-impure.o)
                0x00000000000048a2                _global_impure_ptr
 .rodata.str1.1
                0x00000000000048a6        0x2 /Users/lorenzo/ti/msp430-gcc-9.3.0.31_macos/bin/../lib/gcc/msp430-elf/9.3.0/../../../../msp430-elf/lib/large/libc.a(lib_a-impure.o)
 .rodata._vfprintf_r.str1.1
                0x00000000000048a8       0x11 /Users/lorenzo/ti/msp430-gcc-9.3.0.31_macos/bin/../lib/gcc/msp430-elf/9.3.0/../../../../msp430-elf/lib/large/libc.a(lib_a-nano-vfprintf.o)
 .rodata._printf_i.str1.1
                0x00000000000048b9       0x22 /Users/lorenzo/ti/msp430-gcc-9.3.0.31_macos/bin/../lib/gcc/msp430-elf/9.3.0/../../../../msp430-elf/lib/large/libc.a(lib_a-nano-vfprintf_i.o)
 .rodata._sbrk.str1.1
                0x00000000000048db       0x1a /Users/lorenzo/ti/msp430-gcc-9.3.0.31_macos/bin/../lib/gcc/msp430-elf/9.3.0/../../../../msp430-elf/lib/large/libnosys.a(sbrk.o)
 *(.rodata1)
 *(.gcc_except_table)
 *(.gcc_except_table.*)

.rodata2        0x00000000000048f8       0x64
                0x00000000000048f8                . = ALIGN (0x2)
                [!provide]                        PROVIDE (__preinit_array_start = .)
 *(.preinit_array)
                [!provide]                        PROVIDE (__preinit_array_end = .)
                0x00000000000048f8                . = ALIGN (0x2)
                [!provide]                        PROVIDE (__init_array_start = .)
 *(SORT_BY_NAME(.init_array.*))
 *(.init_array)
                [!provide]                        PROVIDE (__init_array_end = .)
                0x00000000000048f8                . = ALIGN (0x2)
                [!provide]                        PROVIDE (__fini_array_start = .)
 *(.fini_array)
 *(SORT_BY_NAME(.fini_array.*))
                [!provide]                        PROVIDE (__fini_array_end = .)
                0x00000000000048f8                . = ALIGN (0x2)
 *(.eh_frame_hdr)
 *(.eh_frame)
 .eh_frame      0x00000000000048f8       0x64 /Users/lorenzo/ti/msp430-gcc-9.3.0.31_macos/bin/../lib/gcc/msp430-elf/9.3.0/large/libgcc.a(_udivdi3.o)
 *crtbegin*.o(.ctors)
 *(EXCLUDE_FILE(*crtend*.o) .ctors)
 *(SORT_BY_NAME(.ctors.*))
 *(.ctors)
 *crtbegin*.o(.dtors)
 *(EXCLUDE_FILE(*crtend*.o) .dtors)
 *(SORT_BY_NAME(.dtors.*))
 *(.dtors)

.upper.rodata
 *(.upper.rodata.* .upper.rodata)

.persistent     0x000000000000495c      0x8fe
                0x000000000000495c                . = ALIGN (0x2)
                [!provide]                        PROVIDE (__persistent_start = .)
 *(.persistent)
 .persistent    0x000000000000495c      0x194 ./application.o
 .persistent    0x0000000000004af0       0x54 ./monitor/monitor.o
                0x0000000000004af0                monitor_fram
 .persistent    0x0000000000004b44        0x1 ./tiny-ink/boot.o
                0x0000000000004b44                __inited
 *fill*         0x0000000000004b45        0x1 
 .persistent    0x0000000000004b46      0x710 ./tiny-ink/scheduler/scheduler.o
 .persistent    0x0000000000005256        0x4 ./tiny-ink/scheduler/thread.o
                0x0000000000005256                currentTask
                0x000000000000525a                . = ALIGN (0x2)
                [!provide]                        PROVIDE (__persistent_end = .)

.lower.data     0x0000000000001c00        0x0 load address 0x000000000000525a
                0x0000000000001c00                . = ALIGN (0x2)
                0x0000000000001c00                PROVIDE (__datastart = .)
 *(.lower.data.* .lower.data)

.data           0x0000000000001c00      0x246 load address 0x000000000000525a
                0x0000000000001c00                . = ALIGN (0x2)
 *(.jcr)
 *(.data.rel.ro.local)
 *(.data.rel.ro*)
 *(.dynamic)
 *(.data .data.* .gnu.linkonce.d.*)
 .data          0x0000000000001c00       0x50 ./application.o
                0x0000000000001c00                decision_tmp
                0x0000000000001c30                num_task_tmp
                0x0000000000001c32                time_threshold_tmp
                0x0000000000001c36                graph_tmp
                0x0000000000001c4e                num_tr_tmp
 .data          0x0000000000001c50       0x9c ./monitor/monitor.o
                0x0000000000001c50                errorStateMachine
                0x0000000000001c5c                decision_func
                0x0000000000001c80                functionStateMachine
                0x0000000000001cb0                monitorStateMachine
                0x0000000000001cd8                error_string
                0x0000000000001ce8                monitor
 .data._impure_ptr
                0x0000000000001cec        0x4 /Users/lorenzo/ti/msp430-gcc-9.3.0.31_macos/bin/../lib/gcc/msp430-elf/9.3.0/../../../../msp430-elf/lib/large/libc.a(lib_a-impure.o)
                0x0000000000001cec                _impure_ptr
 .data.impure_data
                0x0000000000001cf0       0xe0 /Users/lorenzo/ti/msp430-gcc-9.3.0.31_macos/bin/../lib/gcc/msp430-elf/9.3.0/../../../../msp430-elf/lib/large/libc.a(lib_a-impure.o)
 .data.lc_ctype_charset
                0x0000000000001dd0       0x20 /Users/lorenzo/ti/msp430-gcc-9.3.0.31_macos/bin/../lib/gcc/msp430-elf/9.3.0/../../../../msp430-elf/lib/large/libc.a(lib_a-locale.o)
 .data.__mb_cur_max
                0x0000000000001df0        0x2 /Users/lorenzo/ti/msp430-gcc-9.3.0.31_macos/bin/../lib/gcc/msp430-elf/9.3.0/../../../../msp430-elf/lib/large/libc.a(lib_a-locale.o)
                0x0000000000001df0                __mb_cur_max
 .data.__wctomb
                0x0000000000001df2        0x4 /Users/lorenzo/ti/msp430-gcc-9.3.0.31_macos/bin/../lib/gcc/msp430-elf/9.3.0/../../../../msp430-elf/lib/large/libc.a(lib_a-wctomb_r.o)
                0x0000000000001df2                __wctomb
 .data.heap.1418
                0x0000000000001df6        0x4 /Users/lorenzo/ti/msp430-gcc-9.3.0.31_macos/bin/../lib/gcc/msp430-elf/9.3.0/../../../../msp430-elf/lib/large/libnosys.a(sbrk.o)
 .data          0x0000000000001dfa       0x4b /Users/lorenzo/ti/msp430-gcc-9.3.0.31_macos/bin/../lib/gcc/msp430-elf/9.3.0/../../../../msp430-elf/lib/large/libnosys.a(cio.o)
                0x0000000000001dfa                __CIOBUF__
                0x0000000000001dfa                _CIOBUF_
 *(.gnu.linkonce.d.*personality*)
 *(.data1)
 *(.got.plt)
 *(.got)
                0x0000000000001e46                . = ALIGN (0x2)
 *fill*         0x0000000000001e45        0x1 
 *(.sdata .sdata.* .gnu.linkonce.s.* D_2 D_1)
                0x0000000000001e46                . = ALIGN (0x2)
                0x0000000000001e46                _edata = .
                [!provide]                        PROVIDE (edata = .)
                [!provide]                        PROVIDE (__dataend = .)
                0x000000000000525a                PROVIDE (__romdatastart = LOADADDR (.lower.data))
                0x0000000000000246                PROVIDE (__romdatacopysize = (SIZEOF (.lower.data) + SIZEOF (.data)))

.upper.data     0x0000000000010000        0x2 load address 0x00000000000054a0
                0x00000000000054a0                __upper_data_init = LOADADDR (.upper.data)
                0x0000000000010000        0x2 SHORT 0x1
                0x0000000000010002                __high_datastart = .
 *(.upper.data.* .upper.data)
                0x0000000000010002                __high_dataend = .
                0x0000000000000000                __rom_highdatacopysize = (SIZEOF (.upper.data) - 0x2)
                0x00000000000054a2                __rom_highdatastart = (LOADADDR (.upper.data) + 0x2)

.lower.bss      0x0000000000001e46        0x0
                0x0000000000001e46                . = ALIGN (0x2)
                0x0000000000001e46                PROVIDE (__bssstart = .)
 *(.lower.bss.* .lower.bss)

.bss            0x0000000000001e46        0xa
                0x0000000000001e46                . = ALIGN (0x2)
 *(.dynbss)
 *(.sbss .sbss.*)
 *(.bss .bss.* .gnu.linkonce.b.*)
 .bss.__malloc_sbrk_start
                0x0000000000001e46        0x4 /Users/lorenzo/ti/msp430-gcc-9.3.0.31_macos/bin/../lib/gcc/msp430-elf/9.3.0/../../../../msp430-elf/lib/large/libc.a(lib_a-nano-mallocr.o)
                0x0000000000001e46                __malloc_sbrk_start
 .bss.__malloc_free_list
                0x0000000000001e4a        0x4 /Users/lorenzo/ti/msp430-gcc-9.3.0.31_macos/bin/../lib/gcc/msp430-elf/9.3.0/../../../../msp430-elf/lib/large/libc.a(lib_a-nano-mallocr.o)
                0x0000000000001e4a                __malloc_free_list
 .bss.errno     0x0000000000001e4e        0x2 /Users/lorenzo/ti/msp430-gcc-9.3.0.31_macos/bin/../lib/gcc/msp430-elf/9.3.0/../../../../msp430-elf/lib/large/libc.a(lib_a-reent.o)
                0x0000000000001e4e                errno
                0x0000000000001e50                . = ALIGN (0x2)
 *(COMMON)
                [!provide]                        PROVIDE (__bssend = .)
                0x000000000000000a                PROVIDE (__bsssize = (SIZEOF (.lower.bss) + SIZEOF (.bss)))

.upper.bss      0x0000000000010002        0x0
                0x0000000000010002                . = ALIGN (0x2)
                0x0000000000010002                __high_bssstart = .
 *(.upper.bss.* .upper.bss)
                0x0000000000010002                . = ALIGN (0x2)
                0x0000000000010002                __high_bssend = .
                0x0000000000000000                __high_bsssize = SIZEOF (.upper.bss)

.noinit         0x0000000000001e50        0x0
                0x0000000000001e50                . = ALIGN (0x2)
                [!provide]                        PROVIDE (__noinit_start = .)
 *(.noinit)
                0x0000000000001e50                . = ALIGN (0x2)
                [!provide]                        PROVIDE (__noinit_end = .)

.heap           0x0000000000001e50        0x4
                0x0000000000001e50                . = ALIGN (0x2)
                0x0000000000001e50                __heap_start__ = .
                0x0000000000001e50                _end = __heap_start__
                0x0000000000001e50                PROVIDE (end = .)
 *(.heap)
                0x0000000000001e50                _end = .
                [!provide]                        PROVIDE (end = .)
                0x0000000000001e50        0x4 LONG 0x0
                0x0000000000001e54                __heap_end__ = .
                0x0000000000001e54                __HeapLimit = __heap_end__

.stack          0x0000000000002400        0x0
                0x0000000000002400                PROVIDE (__stack = .)
 *(.stack)

.lower.text     0x00000000000054a2        0x0
                0x00000000000054a2                . = ALIGN (0x2)
 *(.lower.text.* .lower.text)

.text           0x00000000000054a2     0x319e
                0x00000000000054a2                PROVIDE (_start = .)
                0x00000000000054a2                . = ALIGN (0x2)
 *(SORT_BY_NAME(.crt_*))
 .crt_0000start
                0x00000000000054a2        0x4 /Users/lorenzo/ti/msp430-gcc-9.3.0.31_macos/bin/../lib/gcc/msp430-elf/9.3.0/../../../../msp430-elf/lib/large/crt0.o
                0x00000000000054a2                __crt0_start
 .crt_0100init_bss
                0x00000000000054a6       0x10 /Users/lorenzo/ti/msp430-gcc-9.3.0.31_macos/bin/../lib/gcc/msp430-elf/9.3.0/../../../../msp430-elf/lib/large/libcrt.a(crt_bss.o)
                0x00000000000054a6                __crt0_init_bss
 .crt_0300movedata
                0x00000000000054b6       0x14 /Users/lorenzo/ti/msp430-gcc-9.3.0.31_macos/bin/../lib/gcc/msp430-elf/9.3.0/../../../../msp430-elf/lib/large/libcrt.a(crt_movedata.o)
                0x00000000000054b6                __crt0_movedata
 .crt_0800call_main
                0x00000000000054ca        0x6 /Users/lorenzo/ti/msp430-gcc-9.3.0.31_macos/bin/../lib/gcc/msp430-elf/9.3.0/../../../../msp430-elf/lib/large/libcrt.a(crt_main.o)
                0x00000000000054ca                __crt0_call_main
 .crt_0900call_exit
                0x00000000000054d0        0x4 /Users/lorenzo/ti/msp430-gcc-9.3.0.31_macos/bin/../lib/gcc/msp430-elf/9.3.0/../../../../msp430-elf/lib/large/libcrt.a(crt_callexit.o)
                0x00000000000054d0                __crt0_call_exit
                0x00000000000054d4                . = ALIGN (0x2)
 *(.lowtext)
                0x00000000000054d4                . = ALIGN (0x2)
 *(.text .stub .text.* .gnu.linkonce.t.* .text:*)
 .text          0x00000000000054d4       0xac ./application.o
                0x000000000000552c                _ink_init
 .text          0x0000000000005580        0x8 ./main.o
                0x0000000000005580                main
 .text          0x0000000000005588      0xc10 ./monitor/monitor.o
                0x0000000000005588                errorStBCK
                0x0000000000005682                errorRestartStBCK
                0x00000000000056b0                init_count
                0x00000000000056c4                incrementIndexProgression
                0x00000000000056e0                checkCorrectProgression
                0x000000000000573c                updateLastTask
                0x000000000000576c                checkRepetition
                0x00000000000057b8                backupMonitor
                0x0000000000005816                stMonitorFinished
                0x0000000000005840                stMonitorStarted
                0x0000000000005882                stMonitorError
                0x00000000000058f6                errorStoppedSt
                0x00000000000059c0                stMonitorStopped
                0x0000000000005a20                take_nextI
                0x0000000000005a64                errorRestartSt
                0x0000000000005b9c                errorSkipSt
                0x0000000000005c48                errorExitSt
                0x0000000000005c90                findCurrI
                0x0000000000005cf8                checkMonitorThresholdRep
                0x0000000000005d0a                boot_init_monitor
                0x0000000000005eac                checkThresholdRep
                0x0000000000005ed8                incrementCountTask
                0x0000000000005f0a                checkTime
                0x0000000000005f5c                getTime
                0x0000000000005f80                timeFunctionSt
                0x00000000000060c2                monitor_entry
                0x0000000000006140                reboot_monitor
 .text          0x0000000000006198       0x32 ./tiny-ink/boot.o
                0x0000000000006198                _default_init
                0x000000000000619a                _ink_reboot
                0x000000000000619a                _default_reboot
                0x000000000000619c                ink_boot
 .text          0x00000000000061ca       0x4e ./tiny-ink/mcu/msp430/dma.o
                0x00000000000061ca                __dma_word_copy
 .text          0x0000000000006218       0x3e ./tiny-ink/mcu/msp430/msp430fr5969.o
                0x0000000000006218                __mcu_init
 .text          0x0000000000006256       0xbe ./tiny-ink/scheduler/priority.o
                0x0000000000006256                __priority_init
                0x000000000000627a                __priority_insert
                0x00000000000062ac                __priority_remove
                0x00000000000062e8                __priority_highest
 .text          0x0000000000006314      0x17a ./tiny-ink/scheduler/scheduler.o
                0x0000000000006314                __scheduler_boot_init
                0x0000000000006350                __create_thread
                0x00000000000063a8                __stop_thread
                0x00000000000063be                __start_thread
                0x00000000000063dc                __get_thread
                0x00000000000063ec                __scheduler_run
 .text          0x000000000000648e       0xc6 ./tiny-ink/scheduler/thread.o
                0x000000000000648e                __tick
 .text.exit     0x0000000000006554       0x20 /Users/lorenzo/ti/msp430-gcc-9.3.0.31_macos/bin/../lib/gcc/msp430-elf/9.3.0/../../../../msp430-elf/lib/large/libc.a(lib_a-exit.o)
                0x0000000000006554                exit
 .text.__sflush_r
                0x0000000000006574      0x1a6 /Users/lorenzo/ti/msp430-gcc-9.3.0.31_macos/bin/../lib/gcc/msp430-elf/9.3.0/../../../../msp430-elf/lib/large/libc.a(lib_a-fflush.o)
                0x0000000000006574                __sflush_r
 .text._fflush_r
                0x000000000000671a       0x60 /Users/lorenzo/ti/msp430-gcc-9.3.0.31_macos/bin/../lib/gcc/msp430-elf/9.3.0/../../../../msp430-elf/lib/large/libc.a(lib_a-fflush.o)
                0x000000000000671a                _fflush_r
 .text.fflush   0x000000000000677a       0x22 /Users/lorenzo/ti/msp430-gcc-9.3.0.31_macos/bin/../lib/gcc/msp430-elf/9.3.0/../../../../msp430-elf/lib/large/libc.a(lib_a-fflush.o)
                0x000000000000677a                fflush
 .text._cleanup_r
                0x000000000000679c        0xa /Users/lorenzo/ti/msp430-gcc-9.3.0.31_macos/bin/../lib/gcc/msp430-elf/9.3.0/../../../../msp430-elf/lib/large/libc.a(lib_a-findfp.o)
                0x000000000000679c                _cleanup_r
 .text.std.isra.0
                0x00000000000067a6       0x62 /Users/lorenzo/ti/msp430-gcc-9.3.0.31_macos/bin/../lib/gcc/msp430-elf/9.3.0/../../../../msp430-elf/lib/large/libc.a(lib_a-findfp.o)
 .text.__sfmoreglue
                0x0000000000006808       0x50 /Users/lorenzo/ti/msp430-gcc-9.3.0.31_macos/bin/../lib/gcc/msp430-elf/9.3.0/../../../../msp430-elf/lib/large/libc.a(lib_a-findfp.o)
                0x0000000000006808                __sfmoreglue
 .text.__sinit  0x0000000000006858       0x7c /Users/lorenzo/ti/msp430-gcc-9.3.0.31_macos/bin/../lib/gcc/msp430-elf/9.3.0/../../../../msp430-elf/lib/large/libc.a(lib_a-findfp.o)
                0x0000000000006858                __sinit
 .text.__sfp    0x00000000000068d4       0xba /Users/lorenzo/ti/msp430-gcc-9.3.0.31_macos/bin/../lib/gcc/msp430-elf/9.3.0/../../../../msp430-elf/lib/large/libc.a(lib_a-findfp.o)
                0x00000000000068d4                __sfp
 .text.__sfp_lock_acquire
                0x000000000000698e        0x2 /Users/lorenzo/ti/msp430-gcc-9.3.0.31_macos/bin/../lib/gcc/msp430-elf/9.3.0/../../../../msp430-elf/lib/large/libc.a(lib_a-findfp.o)
                0x000000000000698e                __sfp_lock_acquire
 .text.__sfp_lock_release
                0x0000000000006990        0x2 /Users/lorenzo/ti/msp430-gcc-9.3.0.31_macos/bin/../lib/gcc/msp430-elf/9.3.0/../../../../msp430-elf/lib/large/libc.a(lib_a-findfp.o)
                0x0000000000006990                __sfp_lock_release
 .text.fprintf  0x0000000000006992       0x14 /Users/lorenzo/ti/msp430-gcc-9.3.0.31_macos/bin/../lib/gcc/msp430-elf/9.3.0/../../../../msp430-elf/lib/large/libc.a(lib_a-fprintf.o)
                0x0000000000006992                fprintf
                0x0000000000006992                fiprintf
 .text._fwalk_reent
                0x00000000000069a6       0x4c /Users/lorenzo/ti/msp430-gcc-9.3.0.31_macos/bin/../lib/gcc/msp430-elf/9.3.0/../../../../msp430-elf/lib/large/libc.a(lib_a-fwalk.o)
                0x00000000000069a6                _fwalk_reent
 .text._fwrite_r
                0x00000000000069f2       0xe2 /Users/lorenzo/ti/msp430-gcc-9.3.0.31_macos/bin/../lib/gcc/msp430-elf/9.3.0/../../../../msp430-elf/lib/large/libc.a(lib_a-fwrite.o)
                0x00000000000069f2                _fwrite_r
 .text.fwrite   0x0000000000006ad4       0x1c /Users/lorenzo/ti/msp430-gcc-9.3.0.31_macos/bin/../lib/gcc/msp430-elf/9.3.0/../../../../msp430-elf/lib/large/libc.a(lib_a-fwrite.o)
                0x0000000000006ad4                fwrite
 .text.malloc   0x0000000000006af0        0xc /Users/lorenzo/ti/msp430-gcc-9.3.0.31_macos/bin/../lib/gcc/msp430-elf/9.3.0/../../../../msp430-elf/lib/large/libc.a(lib_a-malloc.o)
                0x0000000000006af0                malloc
 .text.free     0x0000000000006afc        0xc /Users/lorenzo/ti/msp430-gcc-9.3.0.31_macos/bin/../lib/gcc/msp430-elf/9.3.0/../../../../msp430-elf/lib/large/libc.a(lib_a-malloc.o)
                0x0000000000006afc                free
 .text.memset   0x0000000000006b08       0x1a /Users/lorenzo/ti/msp430-gcc-9.3.0.31_macos/bin/../lib/gcc/msp430-elf/9.3.0/../../../../msp430-elf/lib/large/libc.a(lib_a-memset.o)
                0x0000000000006b08                memset
 .text._free_r  0x0000000000006b22      0x134 /Users/lorenzo/ti/msp430-gcc-9.3.0.31_macos/bin/../lib/gcc/msp430-elf/9.3.0/../../../../msp430-elf/lib/large/libc.a(lib_a-nano-freer.o)
                0x0000000000006b22                _free_r
 .text._malloc_r
                0x0000000000006c56      0x12a /Users/lorenzo/ti/msp430-gcc-9.3.0.31_macos/bin/../lib/gcc/msp430-elf/9.3.0/../../../../msp430-elf/lib/large/libc.a(lib_a-nano-mallocr.o)
                0x0000000000006c56                _malloc_r
 .text.__sfputc_r
                0x0000000000006d80       0x38 /Users/lorenzo/ti/msp430-gcc-9.3.0.31_macos/bin/../lib/gcc/msp430-elf/9.3.0/../../../../msp430-elf/lib/large/libc.a(lib_a-nano-vfprintf.o)
 .text.__sfputs_r
                0x0000000000006db8       0x5c /Users/lorenzo/ti/msp430-gcc-9.3.0.31_macos/bin/../lib/gcc/msp430-elf/9.3.0/../../../../msp430-elf/lib/large/libc.a(lib_a-nano-vfprintf.o)
                0x0000000000006db8                __sfputs_r
 .text._vfprintf_r
                0x0000000000006e14      0x2c2 /Users/lorenzo/ti/msp430-gcc-9.3.0.31_macos/bin/../lib/gcc/msp430-elf/9.3.0/../../../../msp430-elf/lib/large/libc.a(lib_a-nano-vfprintf.o)
                0x0000000000006e14                _vfiprintf_r
                0x0000000000006e14                _vfprintf_r
 .text._printf_common
                0x00000000000070d6      0x11c /Users/lorenzo/ti/msp430-gcc-9.3.0.31_macos/bin/../lib/gcc/msp430-elf/9.3.0/../../../../msp430-elf/lib/large/libc.a(lib_a-nano-vfprintf_i.o)
                0x00000000000070d6                _printf_common
 .text._printf_i
                0x00000000000071f2      0x37c /Users/lorenzo/ti/msp430-gcc-9.3.0.31_macos/bin/../lib/gcc/msp430-elf/9.3.0/../../../../msp430-elf/lib/large/libc.a(lib_a-nano-vfprintf_i.o)
                0x00000000000071f2                _printf_i
 .text._sbrk_r  0x000000000000756e       0x24 /Users/lorenzo/ti/msp430-gcc-9.3.0.31_macos/bin/../lib/gcc/msp430-elf/9.3.0/../../../../msp430-elf/lib/large/libc.a(lib_a-sbrkr.o)
                0x000000000000756e                _sbrk_r
 .text.__sread  0x0000000000007592       0x4a /Users/lorenzo/ti/msp430-gcc-9.3.0.31_macos/bin/../lib/gcc/msp430-elf/9.3.0/../../../../msp430-elf/lib/large/libc.a(lib_a-stdio.o)
                0x0000000000007592                __sread
 .text.__swrite
                0x00000000000075dc       0x4c /Users/lorenzo/ti/msp430-gcc-9.3.0.31_macos/bin/../lib/gcc/msp430-elf/9.3.0/../../../../msp430-elf/lib/large/libc.a(lib_a-stdio.o)
                0x00000000000075dc                __swrite
 .text.__sseek  0x0000000000007628       0x3e /Users/lorenzo/ti/msp430-gcc-9.3.0.31_macos/bin/../lib/gcc/msp430-elf/9.3.0/../../../../msp430-elf/lib/large/libc.a(lib_a-stdio.o)
                0x0000000000007628                __sseek
 .text.__sclose
                0x0000000000007666        0xa /Users/lorenzo/ti/msp430-gcc-9.3.0.31_macos/bin/../lib/gcc/msp430-elf/9.3.0/../../../../msp430-elf/lib/large/libc.a(lib_a-stdio.o)
                0x0000000000007666                __sclose
 .text.__swbuf_r
                0x0000000000007670       0xdc /Users/lorenzo/ti/msp430-gcc-9.3.0.31_macos/bin/../lib/gcc/msp430-elf/9.3.0/../../../../msp430-elf/lib/large/libc.a(lib_a-wbuf.o)
                0x0000000000007670                __swbuf_r
 .text._write_r
                0x000000000000774c       0x2c /Users/lorenzo/ti/msp430-gcc-9.3.0.31_macos/bin/../lib/gcc/msp430-elf/9.3.0/../../../../msp430-elf/lib/large/libc.a(lib_a-writer.o)
                0x000000000000774c                _write_r
 .text.__swsetup_r
                0x0000000000007778      0x112 /Users/lorenzo/ti/msp430-gcc-9.3.0.31_macos/bin/../lib/gcc/msp430-elf/9.3.0/../../../../msp430-elf/lib/large/libc.a(lib_a-wsetup.o)
                0x0000000000007778                __swsetup_r
 .text.__call_exitprocs
                0x000000000000788a      0x132 /Users/lorenzo/ti/msp430-gcc-9.3.0.31_macos/bin/../lib/gcc/msp430-elf/9.3.0/../../../../msp430-elf/lib/large/libc.a(lib_a-__call_atexit.o)
                0x000000000000788a                __call_exitprocs
 .text._close_r
                0x00000000000079bc       0x22 /Users/lorenzo/ti/msp430-gcc-9.3.0.31_macos/bin/../lib/gcc/msp430-elf/9.3.0/../../../../msp430-elf/lib/large/libc.a(lib_a-closer.o)
                0x00000000000079bc                _close_r
 .text._fclose_r
                0x00000000000079de       0xd0 /Users/lorenzo/ti/msp430-gcc-9.3.0.31_macos/bin/../lib/gcc/msp430-elf/9.3.0/../../../../msp430-elf/lib/large/libc.a(lib_a-fclose.o)
                0x00000000000079de                _fclose_r
 .text.__fputwc
                0x0000000000007aae       0xbc /Users/lorenzo/ti/msp430-gcc-9.3.0.31_macos/bin/../lib/gcc/msp430-elf/9.3.0/../../../../msp430-elf/lib/large/libc.a(lib_a-fputwc.o)
                0x0000000000007aae                __fputwc
 .text._fputwc_r
                0x0000000000007b6a       0x2e /Users/lorenzo/ti/msp430-gcc-9.3.0.31_macos/bin/../lib/gcc/msp430-elf/9.3.0/../../../../msp430-elf/lib/large/libc.a(lib_a-fputwc.o)
                0x0000000000007b6a                _fputwc_r
 .text.__sfvwrite_r
                0x0000000000007b98      0x3d8 /Users/lorenzo/ti/msp430-gcc-9.3.0.31_macos/bin/../lib/gcc/msp430-elf/9.3.0/../../../../msp430-elf/lib/large/libc.a(lib_a-fvwrite.o)
                0x0000000000007b98                __sfvwrite_r
 .text.__locale_charset
                0x0000000000007f70        0x6 /Users/lorenzo/ti/msp430-gcc-9.3.0.31_macos/bin/../lib/gcc/msp430-elf/9.3.0/../../../../msp430-elf/lib/large/libc.a(lib_a-locale.o)
                0x0000000000007f70                __locale_charset
 .text.__locale_mb_cur_max
                0x0000000000007f76        0x6 /Users/lorenzo/ti/msp430-gcc-9.3.0.31_macos/bin/../lib/gcc/msp430-elf/9.3.0/../../../../msp430-elf/lib/large/libc.a(lib_a-locale.o)
                0x0000000000007f76                __locale_mb_cur_max
 .text._lseek_r
                0x0000000000007f7c       0x2e /Users/lorenzo/ti/msp430-gcc-9.3.0.31_macos/bin/../lib/gcc/msp430-elf/9.3.0/../../../../msp430-elf/lib/large/libc.a(lib_a-lseekr.o)
                0x0000000000007f7c                _lseek_r
 .text.__swhatbuf_r
                0x0000000000007faa       0x82 /Users/lorenzo/ti/msp430-gcc-9.3.0.31_macos/bin/../lib/gcc/msp430-elf/9.3.0/../../../../msp430-elf/lib/large/libc.a(lib_a-makebuf.o)
                0x0000000000007faa                __swhatbuf_r
 .text.__smakebuf_r
                0x000000000000802c       0x9e /Users/lorenzo/ti/msp430-gcc-9.3.0.31_macos/bin/../lib/gcc/msp430-elf/9.3.0/../../../../msp430-elf/lib/large/libc.a(lib_a-makebuf.o)
                0x000000000000802c                __smakebuf_r
 .text.memchr   0x00000000000080ca       0x24 /Users/lorenzo/ti/msp430-gcc-9.3.0.31_macos/bin/../lib/gcc/msp430-elf/9.3.0/../../../../msp430-elf/lib/large/libc.a(lib_a-memchr.o)
                0x00000000000080ca                memchr
 .text.memcpy   0x00000000000080ee       0x20 /Users/lorenzo/ti/msp430-gcc-9.3.0.31_macos/bin/../lib/gcc/msp430-elf/9.3.0/../../../../msp430-elf/lib/large/libc.a(lib_a-memcpy.o)
                0x00000000000080ee                memcpy
 .text.memmove  0x000000000000810e       0x54 /Users/lorenzo/ti/msp430-gcc-9.3.0.31_macos/bin/../lib/gcc/msp430-elf/9.3.0/../../../../msp430-elf/lib/large/libc.a(lib_a-memmove.o)
                0x000000000000810e                memmove
 .text._realloc_r
                0x0000000000008162       0x66 /Users/lorenzo/ti/msp430-gcc-9.3.0.31_macos/bin/../lib/gcc/msp430-elf/9.3.0/../../../../msp430-elf/lib/large/libc.a(lib_a-nano-reallocr.o)
                0x0000000000008162                _realloc_r
 .text._read_r  0x00000000000081c8       0x2c /Users/lorenzo/ti/msp430-gcc-9.3.0.31_macos/bin/../lib/gcc/msp430-elf/9.3.0/../../../../msp430-elf/lib/large/libc.a(lib_a-readr.o)
                0x00000000000081c8                _read_r
 .text._wcrtomb_r
                0x00000000000081f4       0x80 /Users/lorenzo/ti/msp430-gcc-9.3.0.31_macos/bin/../lib/gcc/msp430-elf/9.3.0/../../../../msp430-elf/lib/large/libc.a(lib_a-wcrtomb.o)
                0x00000000000081f4                _wcrtomb_r
 .text.__ascii_wctomb
                0x0000000000008274       0x30 /Users/lorenzo/ti/msp430-gcc-9.3.0.31_macos/bin/../lib/gcc/msp430-elf/9.3.0/../../../../msp430-elf/lib/large/libc.a(lib_a-wctomb_r.o)
                0x0000000000008274                __ascii_wctomb
 .text._fstat_r
                0x00000000000082a4       0x24 /Users/lorenzo/ti/msp430-gcc-9.3.0.31_macos/bin/../lib/gcc/msp430-elf/9.3.0/../../../../msp430-elf/lib/large/libc.a(lib_a-fstatr.o)
                0x00000000000082a4                _fstat_r
 .text._isatty_r
                0x00000000000082c8       0x22 /Users/lorenzo/ti/msp430-gcc-9.3.0.31_macos/bin/../lib/gcc/msp430-elf/9.3.0/../../../../msp430-elf/lib/large/libc.a(lib_a-isattyr.o)
                0x00000000000082c8                _isatty_r
 .text._malloc_usable_size_r
                0x00000000000082ea       0x32 /Users/lorenzo/ti/msp430-gcc-9.3.0.31_macos/bin/../lib/gcc/msp430-elf/9.3.0/../../../../msp430-elf/lib/large/libc.a(lib_a-nano-msizer.o)
                0x00000000000082ea                _malloc_usable_size_r
 .text.udivmodhi4
                0x000000000000831c       0x3c /Users/lorenzo/ti/msp430-gcc-9.3.0.31_macos/bin/../lib/gcc/msp430-elf/9.3.0/large/libgcc.a(lib2divHI.o)
                0x000000000000831c                udivmodhi4
 .text.__divhi3
                0x0000000000008358       0x30 /Users/lorenzo/ti/msp430-gcc-9.3.0.31_macos/bin/../lib/gcc/msp430-elf/9.3.0/large/libgcc.a(lib2divHI.o)
                0x0000000000008358                __mspabi_divi
 .text.udivmodsi4
                0x0000000000008388       0x86 /Users/lorenzo/ti/msp430-gcc-9.3.0.31_macos/bin/../lib/gcc/msp430-elf/9.3.0/large/libgcc.a(lib2divSI.o)
                0x0000000000008388                udivmodsi4
 .text.__udivsi3
                0x000000000000840e       0x12 /Users/lorenzo/ti/msp430-gcc-9.3.0.31_macos/bin/../lib/gcc/msp430-elf/9.3.0/large/libgcc.a(lib2divSI.o)
                0x000000000000840e                __mspabi_divul
                0x000000000000840e                __mspabi_divlu
 .text.__umodsi3
                0x0000000000008420       0x12 /Users/lorenzo/ti/msp430-gcc-9.3.0.31_macos/bin/../lib/gcc/msp430-elf/9.3.0/large/libgcc.a(lib2divSI.o)
                0x0000000000008420                __mspabi_remul
 .text.__mspabi_slli
                0x0000000000008432        0xa /Users/lorenzo/ti/msp430-gcc-9.3.0.31_macos/bin/../lib/gcc/msp430-elf/9.3.0/large/libgcc.a(slli.o)
                0x0000000000008436                __mspabi_slli
 .text.__mulhi2
                0x000000000000843c       0x16 /Users/lorenzo/ti/msp430-gcc-9.3.0.31_macos/bin/../lib/gcc/msp430-elf/9.3.0/large/libmul_f5.a(lib2hw_mul_f5.o)
                0x000000000000843c                __mulhi2
                0x000000000000843c                __mspabi_mpyi_f5hw
                0x000000000000843c                __mspabi_mpyi
 .text.__mulsi2
                0x0000000000008452       0x22 /Users/lorenzo/ti/msp430-gcc-9.3.0.31_macos/bin/../lib/gcc/msp430-elf/9.3.0/large/libmul_f5.a(lib2hw_mul_f5.o)
                0x0000000000008452                __mspabi_mpyl
                0x0000000000008452                __mspabi_mpyl_f5hw
                0x0000000000008452                __mulsi2
 .text.isatty   0x0000000000008474        0x4 /Users/lorenzo/ti/msp430-gcc-9.3.0.31_macos/bin/../lib/gcc/msp430-elf/9.3.0/../../../../msp430-elf/lib/large/libnosys.a(ciosyscalls.o)
                0x0000000000008474                isatty
                0x0000000000008474                _isatty
 .text.getpid   0x0000000000008478        0x6 /Users/lorenzo/ti/msp430-gcc-9.3.0.31_macos/bin/../lib/gcc/msp430-elf/9.3.0/../../../../msp430-elf/lib/large/libnosys.a(ciosyscalls.o)
                0x0000000000008478                getpid
 .text.close    0x000000000000847e       0x10 /Users/lorenzo/ti/msp430-gcc-9.3.0.31_macos/bin/../lib/gcc/msp430-elf/9.3.0/../../../../msp430-elf/lib/large/libnosys.a(ciosyscalls.o)
                0x000000000000847e                close
 .text.read     0x000000000000848e       0x10 /Users/lorenzo/ti/msp430-gcc-9.3.0.31_macos/bin/../lib/gcc/msp430-elf/9.3.0/../../../../msp430-elf/lib/large/libnosys.a(ciosyscalls.o)
                0x000000000000848e                read
 .text.fstat    0x000000000000849e       0x10 /Users/lorenzo/ti/msp430-gcc-9.3.0.31_macos/bin/../lib/gcc/msp430-elf/9.3.0/../../../../msp430-elf/lib/large/libnosys.a(ciosyscalls.o)
                0x000000000000849e                fstat
 .text.lseek    0x00000000000084ae       0x10 /Users/lorenzo/ti/msp430-gcc-9.3.0.31_macos/bin/../lib/gcc/msp430-elf/9.3.0/../../../../msp430-elf/lib/large/libnosys.a(ciosyscalls.o)
                0x00000000000084ae                lseek
 .text.kill     0x00000000000084be       0x10 /Users/lorenzo/ti/msp430-gcc-9.3.0.31_macos/bin/../lib/gcc/msp430-elf/9.3.0/../../../../msp430-elf/lib/large/libnosys.a(ciosyscalls.o)
                0x00000000000084be                kill
 .text.write    0x00000000000084ce       0x74 /Users/lorenzo/ti/msp430-gcc-9.3.0.31_macos/bin/../lib/gcc/msp430-elf/9.3.0/../../../../msp430-elf/lib/large/libnosys.a(write.o)
                0x00000000000084ce                write
 .text.exit     0x0000000000008542        0x4 /Users/lorenzo/ti/msp430-gcc-9.3.0.31_macos/bin/../lib/gcc/msp430-elf/9.3.0/../../../../msp430-elf/lib/large/libnosys.a(exit.o)
                0x0000000000008542                _exit
 .text._sbrk    0x0000000000008546       0x38 /Users/lorenzo/ti/msp430-gcc-9.3.0.31_macos/bin/../lib/gcc/msp430-elf/9.3.0/../../../../msp430-elf/lib/large/libnosys.a(sbrk.o)
                0x0000000000008546                _sbrk
                0x0000000000008546                sbrk
 .text          0x000000000000857e        0x4 /Users/lorenzo/ti/msp430-gcc-9.3.0.31_macos/bin/../lib/gcc/msp430-elf/9.3.0/../../../../msp430-elf/lib/large/libnosys.a(cio.o)
                0x000000000000857e                C$$IO$$
                0x000000000000857e                _libgloss_cio_hook
 .text.abort    0x0000000000008582        0xe /Users/lorenzo/ti/msp430-gcc-9.3.0.31_macos/bin/../lib/gcc/msp430-elf/9.3.0/../../../../msp430-elf/lib/large/libc.a(lib_a-abort.o)
                0x0000000000008582                abort
 .text.__errno  0x0000000000008590        0x6 /Users/lorenzo/ti/msp430-gcc-9.3.0.31_macos/bin/../lib/gcc/msp430-elf/9.3.0/../../../../msp430-elf/lib/large/libc.a(lib_a-errno.o)
                0x0000000000008590                __errno
 .text._raise_r
                0x0000000000008596       0x74 /Users/lorenzo/ti/msp430-gcc-9.3.0.31_macos/bin/../lib/gcc/msp430-elf/9.3.0/../../../../msp430-elf/lib/large/libc.a(lib_a-signal.o)
                0x0000000000008596                _raise_r
 .text.raise    0x000000000000860a        0xc /Users/lorenzo/ti/msp430-gcc-9.3.0.31_macos/bin/../lib/gcc/msp430-elf/9.3.0/../../../../msp430-elf/lib/large/libc.a(lib_a-signal.o)
                0x000000000000860a                raise
 .text._kill_r  0x0000000000008616       0x24 /Users/lorenzo/ti/msp430-gcc-9.3.0.31_macos/bin/../lib/gcc/msp430-elf/9.3.0/../../../../msp430-elf/lib/large/libc.a(lib_a-signalr.o)
                0x0000000000008616                _kill_r
 .text._getpid_r
                0x000000000000863a        0x6 /Users/lorenzo/ti/msp430-gcc-9.3.0.31_macos/bin/../lib/gcc/msp430-elf/9.3.0/../../../../msp430-elf/lib/large/libc.a(lib_a-signalr.o)
                0x000000000000863a                _getpid_r
 *(.text.*personality*)
 *(.gnu.warning)
 *(.interp .hash .dynsym .dynstr .gnu.version*)
                [!provide]                        PROVIDE (__etext = .)
                [!provide]                        PROVIDE (_etext = .)
                [!provide]                        PROVIDE (etext = .)
                0x0000000000008640                . = ALIGN (0x2)
 *(.init)
 *(.fini)
 *(.tm_clone_table)

.upper.text     0x0000000000010002        0x0
                0x0000000000010002                . = ALIGN (0x2)
 *(.upper.text.* .upper.text)

.infoA

.infoB

.infoC

.infoD

.MSP430.attributes
                0x0000000000000000       0x26
 *(.MSP430.attributes)
 .MSP430.attributes
                0x0000000000000000       0x26 /Users/lorenzo/ti/msp430-gcc-9.3.0.31_macos/bin/../lib/gcc/msp430-elf/9.3.0/../../../../msp430-elf/lib/large/crt0.o
 .MSP430.attributes
                0x0000000000000026       0x26 /Users/lorenzo/ti/msp430-gcc-9.3.0.31_macos/bin/../lib/gcc/msp430-elf/9.3.0/large/crtbegin_no_eh.o
 .MSP430.attributes
                0x000000000000004c       0x26 ./application.o
 .MSP430.attributes
                0x0000000000000072       0x26 ./main.o
 .MSP430.attributes
                0x0000000000000098       0x26 ./monitor/monitor.o
 .MSP430.attributes
                0x00000000000000be       0x26 ./tiny-ink/boot.o
 .MSP430.attributes
                0x00000000000000e4       0x26 ./tiny-ink/mcu/msp430/dma.o
 .MSP430.attributes
                0x000000000000010a       0x26 ./tiny-ink/mcu/msp430/msp430fr5969.o
 .MSP430.attributes
                0x0000000000000130       0x26 ./tiny-ink/scheduler/priority.o
 .MSP430.attributes
                0x0000000000000156       0x26 ./tiny-ink/scheduler/scheduler.o
 .MSP430.attributes
                0x000000000000017c       0x26 ./tiny-ink/scheduler/thread.o
 .MSP430.attributes
                0x00000000000001a2       0x26 /Users/lorenzo/ti/msp430-gcc-9.3.0.31_macos/bin/../lib/gcc/msp430-elf/9.3.0/../../../../msp430-elf/lib/large/libc.a(lib_a-exit.o)
 .MSP430.attributes
                0x00000000000001c8       0x26 /Users/lorenzo/ti/msp430-gcc-9.3.0.31_macos/bin/../lib/gcc/msp430-elf/9.3.0/../../../../msp430-elf/lib/large/libc.a(lib_a-fflush.o)
 .MSP430.attributes
                0x00000000000001ee       0x26 /Users/lorenzo/ti/msp430-gcc-9.3.0.31_macos/bin/../lib/gcc/msp430-elf/9.3.0/../../../../msp430-elf/lib/large/libc.a(lib_a-findfp.o)
 .MSP430.attributes
                0x0000000000000214       0x26 /Users/lorenzo/ti/msp430-gcc-9.3.0.31_macos/bin/../lib/gcc/msp430-elf/9.3.0/../../../../msp430-elf/lib/large/libc.a(lib_a-fprintf.o)
 .MSP430.attributes
                0x000000000000023a       0x26 /Users/lorenzo/ti/msp430-gcc-9.3.0.31_macos/bin/../lib/gcc/msp430-elf/9.3.0/../../../../msp430-elf/lib/large/libc.a(lib_a-fwalk.o)
 .MSP430.attributes
                0x0000000000000260       0x26 /Users/lorenzo/ti/msp430-gcc-9.3.0.31_macos/bin/../lib/gcc/msp430-elf/9.3.0/../../../../msp430-elf/lib/large/libc.a(lib_a-fwrite.o)
 .MSP430.attributes
                0x0000000000000286       0x26 /Users/lorenzo/ti/msp430-gcc-9.3.0.31_macos/bin/../lib/gcc/msp430-elf/9.3.0/../../../../msp430-elf/lib/large/libc.a(lib_a-impure.o)
 .MSP430.attributes
                0x00000000000002ac       0x26 /Users/lorenzo/ti/msp430-gcc-9.3.0.31_macos/bin/../lib/gcc/msp430-elf/9.3.0/../../../../msp430-elf/lib/large/libc.a(lib_a-malloc.o)
 .MSP430.attributes
                0x00000000000002d2       0x26 /Users/lorenzo/ti/msp430-gcc-9.3.0.31_macos/bin/../lib/gcc/msp430-elf/9.3.0/../../../../msp430-elf/lib/large/libc.a(lib_a-memset.o)
 .MSP430.attributes
                0x00000000000002f8       0x26 /Users/lorenzo/ti/msp430-gcc-9.3.0.31_macos/bin/../lib/gcc/msp430-elf/9.3.0/../../../../msp430-elf/lib/large/libc.a(lib_a-nano-freer.o)
 .MSP430.attributes
                0x000000000000031e       0x26 /Users/lorenzo/ti/msp430-gcc-9.3.0.31_macos/bin/../lib/gcc/msp430-elf/9.3.0/../../../../msp430-elf/lib/large/libc.a(lib_a-nano-mallocr.o)
 .MSP430.attributes
                0x0000000000000344       0x26 /Users/lorenzo/ti/msp430-gcc-9.3.0.31_macos/bin/../lib/gcc/msp430-elf/9.3.0/../../../../msp430-elf/lib/large/libc.a(lib_a-nano-vfprintf.o)
 .MSP430.attributes
                0x000000000000036a       0x26 /Users/lorenzo/ti/msp430-gcc-9.3.0.31_macos/bin/../lib/gcc/msp430-elf/9.3.0/../../../../msp430-elf/lib/large/libc.a(lib_a-nano-vfprintf_i.o)
 .MSP430.attributes
                0x0000000000000390       0x26 /Users/lorenzo/ti/msp430-gcc-9.3.0.31_macos/bin/../lib/gcc/msp430-elf/9.3.0/../../../../msp430-elf/lib/large/libc.a(lib_a-sbrkr.o)
 .MSP430.attributes
                0x00000000000003b6       0x26 /Users/lorenzo/ti/msp430-gcc-9.3.0.31_macos/bin/../lib/gcc/msp430-elf/9.3.0/../../../../msp430-elf/lib/large/libc.a(lib_a-stdio.o)
 .MSP430.attributes
                0x00000000000003dc       0x26 /Users/lorenzo/ti/msp430-gcc-9.3.0.31_macos/bin/../lib/gcc/msp430-elf/9.3.0/../../../../msp430-elf/lib/large/libc.a(lib_a-wbuf.o)
 .MSP430.attributes
                0x0000000000000402       0x26 /Users/lorenzo/ti/msp430-gcc-9.3.0.31_macos/bin/../lib/gcc/msp430-elf/9.3.0/../../../../msp430-elf/lib/large/libc.a(lib_a-writer.o)
 .MSP430.attributes
                0x0000000000000428       0x26 /Users/lorenzo/ti/msp430-gcc-9.3.0.31_macos/bin/../lib/gcc/msp430-elf/9.3.0/../../../../msp430-elf/lib/large/libc.a(lib_a-wsetup.o)
 .MSP430.attributes
                0x000000000000044e       0x26 /Users/lorenzo/ti/msp430-gcc-9.3.0.31_macos/bin/../lib/gcc/msp430-elf/9.3.0/../../../../msp430-elf/lib/large/libc.a(lib_a-__call_atexit.o)
 .MSP430.attributes
                0x0000000000000474       0x26 /Users/lorenzo/ti/msp430-gcc-9.3.0.31_macos/bin/../lib/gcc/msp430-elf/9.3.0/../../../../msp430-elf/lib/large/libc.a(lib_a-closer.o)
 .MSP430.attributes
                0x000000000000049a       0x26 /Users/lorenzo/ti/msp430-gcc-9.3.0.31_macos/bin/../lib/gcc/msp430-elf/9.3.0/../../../../msp430-elf/lib/large/libc.a(lib_a-fclose.o)
 .MSP430.attributes
                0x00000000000004c0       0x26 /Users/lorenzo/ti/msp430-gcc-9.3.0.31_macos/bin/../lib/gcc/msp430-elf/9.3.0/../../../../msp430-elf/lib/large/libc.a(lib_a-fputwc.o)
 .MSP430.attributes
                0x00000000000004e6       0x26 /Users/lorenzo/ti/msp430-gcc-9.3.0.31_macos/bin/../lib/gcc/msp430-elf/9.3.0/../../../../msp430-elf/lib/large/libc.a(lib_a-fvwrite.o)
 .MSP430.attributes
                0x000000000000050c       0x26 /Users/lorenzo/ti/msp430-gcc-9.3.0.31_macos/bin/../lib/gcc/msp430-elf/9.3.0/../../../../msp430-elf/lib/large/libc.a(lib_a-locale.o)
 .MSP430.attributes
                0x0000000000000532       0x26 /Users/lorenzo/ti/msp430-gcc-9.3.0.31_macos/bin/../lib/gcc/msp430-elf/9.3.0/../../../../msp430-elf/lib/large/libc.a(lib_a-lseekr.o)
 .MSP430.attributes
                0x0000000000000558       0x26 /Users/lorenzo/ti/msp430-gcc-9.3.0.31_macos/bin/../lib/gcc/msp430-elf/9.3.0/../../../../msp430-elf/lib/large/libc.a(lib_a-makebuf.o)
 .MSP430.attributes
                0x000000000000057e       0x26 /Users/lorenzo/ti/msp430-gcc-9.3.0.31_macos/bin/../lib/gcc/msp430-elf/9.3.0/../../../../msp430-elf/lib/large/libc.a(lib_a-memchr.o)
 .MSP430.attributes
                0x00000000000005a4       0x26 /Users/lorenzo/ti/msp430-gcc-9.3.0.31_macos/bin/../lib/gcc/msp430-elf/9.3.0/../../../../msp430-elf/lib/large/libc.a(lib_a-memcpy.o)
 .MSP430.attributes
                0x00000000000005ca       0x26 /Users/lorenzo/ti/msp430-gcc-9.3.0.31_macos/bin/../lib/gcc/msp430-elf/9.3.0/../../../../msp430-elf/lib/large/libc.a(lib_a-memmove.o)
 .MSP430.attributes
                0x00000000000005f0       0x26 /Users/lorenzo/ti/msp430-gcc-9.3.0.31_macos/bin/../lib/gcc/msp430-elf/9.3.0/../../../../msp430-elf/lib/large/libc.a(lib_a-nano-reallocr.o)
 .MSP430.attributes
                0x0000000000000616       0x26 /Users/lorenzo/ti/msp430-gcc-9.3.0.31_macos/bin/../lib/gcc/msp430-elf/9.3.0/../../../../msp430-elf/lib/large/libc.a(lib_a-readr.o)
 .MSP430.attributes
                0x000000000000063c       0x26 /Users/lorenzo/ti/msp430-gcc-9.3.0.31_macos/bin/../lib/gcc/msp430-elf/9.3.0/../../../../msp430-elf/lib/large/libc.a(lib_a-reent.o)
 .MSP430.attributes
                0x0000000000000662       0x26 /Users/lorenzo/ti/msp430-gcc-9.3.0.31_macos/bin/../lib/gcc/msp430-elf/9.3.0/../../../../msp430-elf/lib/large/libc.a(lib_a-strcmp.o)
 .MSP430.attributes
                0x0000000000000688       0x26 /Users/lorenzo/ti/msp430-gcc-9.3.0.31_macos/bin/../lib/gcc/msp430-elf/9.3.0/../../../../msp430-elf/lib/large/libc.a(lib_a-wcrtomb.o)
 .MSP430.attributes
                0x00000000000006ae       0x26 /Users/lorenzo/ti/msp430-gcc-9.3.0.31_macos/bin/../lib/gcc/msp430-elf/9.3.0/../../../../msp430-elf/lib/large/libc.a(lib_a-wctomb_r.o)
 .MSP430.attributes
                0x00000000000006d4       0x26 /Users/lorenzo/ti/msp430-gcc-9.3.0.31_macos/bin/../lib/gcc/msp430-elf/9.3.0/../../../../msp430-elf/lib/large/libc.a(lib_a-fstatr.o)
 .MSP430.attributes
                0x00000000000006fa       0x26 /Users/lorenzo/ti/msp430-gcc-9.3.0.31_macos/bin/../lib/gcc/msp430-elf/9.3.0/../../../../msp430-elf/lib/large/libc.a(lib_a-isattyr.o)
 .MSP430.attributes
                0x0000000000000720       0x26 /Users/lorenzo/ti/msp430-gcc-9.3.0.31_macos/bin/../lib/gcc/msp430-elf/9.3.0/../../../../msp430-elf/lib/large/libc.a(lib_a-nano-msizer.o)
 .MSP430.attributes
                0x0000000000000746       0x26 /Users/lorenzo/ti/msp430-gcc-9.3.0.31_macos/bin/../lib/gcc/msp430-elf/9.3.0/large/libgcc.a(lib2divHI.o)
 .MSP430.attributes
                0x000000000000076c       0x26 /Users/lorenzo/ti/msp430-gcc-9.3.0.31_macos/bin/../lib/gcc/msp430-elf/9.3.0/large/libgcc.a(lib2divSI.o)
 .MSP430.attributes
                0x0000000000000792       0x26 /Users/lorenzo/ti/msp430-gcc-9.3.0.31_macos/bin/../lib/gcc/msp430-elf/9.3.0/large/libgcc.a(slli.o)
 .MSP430.attributes
                0x00000000000007b8       0x26 /Users/lorenzo/ti/msp430-gcc-9.3.0.31_macos/bin/../lib/gcc/msp430-elf/9.3.0/large/libgcc.a(srai.o)
 .MSP430.attributes
                0x00000000000007de       0x26 /Users/lorenzo/ti/msp430-gcc-9.3.0.31_macos/bin/../lib/gcc/msp430-elf/9.3.0/large/libgcc.a(_udivdi3.o)
 .MSP430.attributes
                0x0000000000000804       0x26 /Users/lorenzo/ti/msp430-gcc-9.3.0.31_macos/bin/../lib/gcc/msp430-elf/9.3.0/large/libgcc.a(srli.o)
 .MSP430.attributes
                0x000000000000082a       0x26 /Users/lorenzo/ti/msp430-gcc-9.3.0.31_macos/bin/../lib/gcc/msp430-elf/9.3.0/large/libgcc.a(_clzdi2.o)
 .MSP430.attributes
                0x0000000000000850       0x26 /Users/lorenzo/ti/msp430-gcc-9.3.0.31_macos/bin/../lib/gcc/msp430-elf/9.3.0/large/libgcc.a(_clz.o)
 .MSP430.attributes
                0x0000000000000876       0x26 /Users/lorenzo/ti/msp430-gcc-9.3.0.31_macos/bin/../lib/gcc/msp430-elf/9.3.0/large/libmul_f5.a(lib2hw_mul_f5.o)
 .MSP430.attributes
                0x000000000000089c       0x26 /Users/lorenzo/ti/msp430-gcc-9.3.0.31_macos/bin/../lib/gcc/msp430-elf/9.3.0/../../../../msp430-elf/lib/large/libcrt.a(crt_bss.o)
 .MSP430.attributes
                0x00000000000008c2       0x26 /Users/lorenzo/ti/msp430-gcc-9.3.0.31_macos/bin/../lib/gcc/msp430-elf/9.3.0/../../../../msp430-elf/lib/large/libcrt.a(crt_movedata.o)
 .MSP430.attributes
                0x00000000000008e8       0x26 /Users/lorenzo/ti/msp430-gcc-9.3.0.31_macos/bin/../lib/gcc/msp430-elf/9.3.0/../../../../msp430-elf/lib/large/libcrt.a(crt_main.o)
 .MSP430.attributes
                0x000000000000090e       0x26 /Users/lorenzo/ti/msp430-gcc-9.3.0.31_macos/bin/../lib/gcc/msp430-elf/9.3.0/../../../../msp430-elf/lib/large/libcrt.a(crt_callexit.o)
 .MSP430.attributes
                0x0000000000000934       0x26 /Users/lorenzo/ti/msp430-gcc-9.3.0.31_macos/bin/../lib/gcc/msp430-elf/9.3.0/../../../../msp430-elf/lib/large/libnosys.a(ciosyscalls.o)
 .MSP430.attributes
                0x000000000000095a       0x26 /Users/lorenzo/ti/msp430-gcc-9.3.0.31_macos/bin/../lib/gcc/msp430-elf/9.3.0/../../../../msp430-elf/lib/large/libnosys.a(write.o)
 .MSP430.attributes
                0x0000000000000980       0x26 /Users/lorenzo/ti/msp430-gcc-9.3.0.31_macos/bin/../lib/gcc/msp430-elf/9.3.0/../../../../msp430-elf/lib/large/libnosys.a(exit.o)
 .MSP430.attributes
                0x00000000000009a6       0x26 /Users/lorenzo/ti/msp430-gcc-9.3.0.31_macos/bin/../lib/gcc/msp430-elf/9.3.0/../../../../msp430-elf/lib/large/libnosys.a(sbrk.o)
 .MSP430.attributes
                0x00000000000009cc       0x26 /Users/lorenzo/ti/msp430-gcc-9.3.0.31_macos/bin/../lib/gcc/msp430-elf/9.3.0/../../../../msp430-elf/lib/large/libnosys.a(cio.o)
 .MSP430.attributes
                0x00000000000009f2       0x26 /Users/lorenzo/ti/msp430-gcc-9.3.0.31_macos/bin/../lib/gcc/msp430-elf/9.3.0/../../../../msp430-elf/lib/large/libc.a(lib_a-abort.o)
 .MSP430.attributes
                0x0000000000000a18       0x26 /Users/lorenzo/ti/msp430-gcc-9.3.0.31_macos/bin/../lib/gcc/msp430-elf/9.3.0/../../../../msp430-elf/lib/large/libc.a(lib_a-errno.o)
 .MSP430.attributes
                0x0000000000000a3e       0x26 /Users/lorenzo/ti/msp430-gcc-9.3.0.31_macos/bin/../lib/gcc/msp430-elf/9.3.0/../../../../msp430-elf/lib/large/libc.a(lib_a-signal.o)
 .MSP430.attributes
                0x0000000000000a64       0x26 /Users/lorenzo/ti/msp430-gcc-9.3.0.31_macos/bin/../lib/gcc/msp430-elf/9.3.0/../../../../msp430-elf/lib/large/libc.a(lib_a-signalr.o)
 .MSP430.attributes
                0x0000000000000a8a       0x26 /Users/lorenzo/ti/msp430-gcc-9.3.0.31_macos/bin/../lib/gcc/msp430-elf/9.3.0/large/crtend_no_eh.o
 *(.gnu.attributes)
 *(__TI_build_attributes)

.stab
 *(.stab)

.stabstr
 *(.stabstr)

.stab.excl
 *(.stab.excl)

.stab.exclstr
 *(.stab.exclstr)

.stab.index
 *(.stab.index)

.stab.indexstr
 *(.stab.indexstr)

.comment        0x0000000000000000       0x39
 *(.comment)
 .comment       0x0000000000000000       0x39 ./application.o
                                         0x3a (size before relaxing)
 .comment       0x0000000000000039       0x3a ./main.o
 .comment       0x0000000000000039       0x3a ./monitor/monitor.o
 .comment       0x0000000000000039       0x3a ./tiny-ink/boot.o
 .comment       0x0000000000000039       0x3a ./tiny-ink/mcu/msp430/dma.o
 .comment       0x0000000000000039       0x3a ./tiny-ink/mcu/msp430/msp430fr5969.o
 .comment       0x0000000000000039       0x3a ./tiny-ink/scheduler/priority.o
 .comment       0x0000000000000039       0x3a ./tiny-ink/scheduler/scheduler.o
 .comment       0x0000000000000039       0x3a ./tiny-ink/scheduler/thread.o
 .comment       0x0000000000000039       0x3a /Users/lorenzo/ti/msp430-gcc-9.3.0.31_macos/bin/../lib/gcc/msp430-elf/9.3.0/../../../../msp430-elf/lib/large/libc.a(lib_a-exit.o)
 .comment       0x0000000000000039       0x3a /Users/lorenzo/ti/msp430-gcc-9.3.0.31_macos/bin/../lib/gcc/msp430-elf/9.3.0/../../../../msp430-elf/lib/large/libc.a(lib_a-fflush.o)
 .comment       0x0000000000000039       0x3a /Users/lorenzo/ti/msp430-gcc-9.3.0.31_macos/bin/../lib/gcc/msp430-elf/9.3.0/../../../../msp430-elf/lib/large/libc.a(lib_a-findfp.o)
 .comment       0x0000000000000039       0x3a /Users/lorenzo/ti/msp430-gcc-9.3.0.31_macos/bin/../lib/gcc/msp430-elf/9.3.0/../../../../msp430-elf/lib/large/libc.a(lib_a-fprintf.o)
 .comment       0x0000000000000039       0x3a /Users/lorenzo/ti/msp430-gcc-9.3.0.31_macos/bin/../lib/gcc/msp430-elf/9.3.0/../../../../msp430-elf/lib/large/libc.a(lib_a-fwalk.o)
 .comment       0x0000000000000039       0x3a /Users/lorenzo/ti/msp430-gcc-9.3.0.31_macos/bin/../lib/gcc/msp430-elf/9.3.0/../../../../msp430-elf/lib/large/libc.a(lib_a-fwrite.o)
 .comment       0x0000000000000039       0x3a /Users/lorenzo/ti/msp430-gcc-9.3.0.31_macos/bin/../lib/gcc/msp430-elf/9.3.0/../../../../msp430-elf/lib/large/libc.a(lib_a-impure.o)
 .comment       0x0000000000000039       0x3a /Users/lorenzo/ti/msp430-gcc-9.3.0.31_macos/bin/../lib/gcc/msp430-elf/9.3.0/../../../../msp430-elf/lib/large/libc.a(lib_a-malloc.o)
 .comment       0x0000000000000039       0x3a /Users/lorenzo/ti/msp430-gcc-9.3.0.31_macos/bin/../lib/gcc/msp430-elf/9.3.0/../../../../msp430-elf/lib/large/libc.a(lib_a-memset.o)
 .comment       0x0000000000000039       0x3a /Users/lorenzo/ti/msp430-gcc-9.3.0.31_macos/bin/../lib/gcc/msp430-elf/9.3.0/../../../../msp430-elf/lib/large/libc.a(lib_a-nano-freer.o)
 .comment       0x0000000000000039       0x3a /Users/lorenzo/ti/msp430-gcc-9.3.0.31_macos/bin/../lib/gcc/msp430-elf/9.3.0/../../../../msp430-elf/lib/large/libc.a(lib_a-nano-mallocr.o)
 .comment       0x0000000000000039       0x3a /Users/lorenzo/ti/msp430-gcc-9.3.0.31_macos/bin/../lib/gcc/msp430-elf/9.3.0/../../../../msp430-elf/lib/large/libc.a(lib_a-nano-vfprintf.o)
 .comment       0x0000000000000039       0x3a /Users/lorenzo/ti/msp430-gcc-9.3.0.31_macos/bin/../lib/gcc/msp430-elf/9.3.0/../../../../msp430-elf/lib/large/libc.a(lib_a-nano-vfprintf_i.o)
 .comment       0x0000000000000039       0x3a /Users/lorenzo/ti/msp430-gcc-9.3.0.31_macos/bin/../lib/gcc/msp430-elf/9.3.0/../../../../msp430-elf/lib/large/libc.a(lib_a-sbrkr.o)
 .comment       0x0000000000000039       0x3a /Users/lorenzo/ti/msp430-gcc-9.3.0.31_macos/bin/../lib/gcc/msp430-elf/9.3.0/../../../../msp430-elf/lib/large/libc.a(lib_a-stdio.o)
 .comment       0x0000000000000039       0x3a /Users/lorenzo/ti/msp430-gcc-9.3.0.31_macos/bin/../lib/gcc/msp430-elf/9.3.0/../../../../msp430-elf/lib/large/libc.a(lib_a-wbuf.o)
 .comment       0x0000000000000039       0x3a /Users/lorenzo/ti/msp430-gcc-9.3.0.31_macos/bin/../lib/gcc/msp430-elf/9.3.0/../../../../msp430-elf/lib/large/libc.a(lib_a-writer.o)
 .comment       0x0000000000000039       0x3a /Users/lorenzo/ti/msp430-gcc-9.3.0.31_macos/bin/../lib/gcc/msp430-elf/9.3.0/../../../../msp430-elf/lib/large/libc.a(lib_a-wsetup.o)
 .comment       0x0000000000000039       0x3a /Users/lorenzo/ti/msp430-gcc-9.3.0.31_macos/bin/../lib/gcc/msp430-elf/9.3.0/../../../../msp430-elf/lib/large/libc.a(lib_a-__call_atexit.o)
 .comment       0x0000000000000039       0x3a /Users/lorenzo/ti/msp430-gcc-9.3.0.31_macos/bin/../lib/gcc/msp430-elf/9.3.0/../../../../msp430-elf/lib/large/libc.a(lib_a-closer.o)
 .comment       0x0000000000000039       0x3a /Users/lorenzo/ti/msp430-gcc-9.3.0.31_macos/bin/../lib/gcc/msp430-elf/9.3.0/../../../../msp430-elf/lib/large/libc.a(lib_a-fclose.o)
 .comment       0x0000000000000039       0x3a /Users/lorenzo/ti/msp430-gcc-9.3.0.31_macos/bin/../lib/gcc/msp430-elf/9.3.0/../../../../msp430-elf/lib/large/libc.a(lib_a-fputwc.o)
 .comment       0x0000000000000039       0x3a /Users/lorenzo/ti/msp430-gcc-9.3.0.31_macos/bin/../lib/gcc/msp430-elf/9.3.0/../../../../msp430-elf/lib/large/libc.a(lib_a-fvwrite.o)
 .comment       0x0000000000000039       0x3a /Users/lorenzo/ti/msp430-gcc-9.3.0.31_macos/bin/../lib/gcc/msp430-elf/9.3.0/../../../../msp430-elf/lib/large/libc.a(lib_a-locale.o)
 .comment       0x0000000000000039       0x3a /Users/lorenzo/ti/msp430-gcc-9.3.0.31_macos/bin/../lib/gcc/msp430-elf/9.3.0/../../../../msp430-elf/lib/large/libc.a(lib_a-lseekr.o)
 .comment       0x0000000000000039       0x3a /Users/lorenzo/ti/msp430-gcc-9.3.0.31_macos/bin/../lib/gcc/msp430-elf/9.3.0/../../../../msp430-elf/lib/large/libc.a(lib_a-makebuf.o)
 .comment       0x0000000000000039       0x3a /Users/lorenzo/ti/msp430-gcc-9.3.0.31_macos/bin/../lib/gcc/msp430-elf/9.3.0/../../../../msp430-elf/lib/large/libc.a(lib_a-memchr.o)
 .comment       0x0000000000000039       0x3a /Users/lorenzo/ti/msp430-gcc-9.3.0.31_macos/bin/../lib/gcc/msp430-elf/9.3.0/../../../../msp430-elf/lib/large/libc.a(lib_a-memcpy.o)
 .comment       0x0000000000000039       0x3a /Users/lorenzo/ti/msp430-gcc-9.3.0.31_macos/bin/../lib/gcc/msp430-elf/9.3.0/../../../../msp430-elf/lib/large/libc.a(lib_a-memmove.o)
 .comment       0x0000000000000039       0x3a /Users/lorenzo/ti/msp430-gcc-9.3.0.31_macos/bin/../lib/gcc/msp430-elf/9.3.0/../../../../msp430-elf/lib/large/libc.a(lib_a-nano-reallocr.o)
 .comment       0x0000000000000039       0x3a /Users/lorenzo/ti/msp430-gcc-9.3.0.31_macos/bin/../lib/gcc/msp430-elf/9.3.0/../../../../msp430-elf/lib/large/libc.a(lib_a-readr.o)
 .comment       0x0000000000000039       0x3a /Users/lorenzo/ti/msp430-gcc-9.3.0.31_macos/bin/../lib/gcc/msp430-elf/9.3.0/../../../../msp430-elf/lib/large/libc.a(lib_a-reent.o)
 .comment       0x0000000000000039       0x3a /Users/lorenzo/ti/msp430-gcc-9.3.0.31_macos/bin/../lib/gcc/msp430-elf/9.3.0/../../../../msp430-elf/lib/large/libc.a(lib_a-wcrtomb.o)
 .comment       0x0000000000000039       0x3a /Users/lorenzo/ti/msp430-gcc-9.3.0.31_macos/bin/../lib/gcc/msp430-elf/9.3.0/../../../../msp430-elf/lib/large/libc.a(lib_a-wctomb_r.o)
 .comment       0x0000000000000039       0x3a /Users/lorenzo/ti/msp430-gcc-9.3.0.31_macos/bin/../lib/gcc/msp430-elf/9.3.0/../../../../msp430-elf/lib/large/libc.a(lib_a-fstatr.o)
 .comment       0x0000000000000039       0x3a /Users/lorenzo/ti/msp430-gcc-9.3.0.31_macos/bin/../lib/gcc/msp430-elf/9.3.0/../../../../msp430-elf/lib/large/libc.a(lib_a-isattyr.o)
 .comment       0x0000000000000039       0x3a /Users/lorenzo/ti/msp430-gcc-9.3.0.31_macos/bin/../lib/gcc/msp430-elf/9.3.0/../../../../msp430-elf/lib/large/libc.a(lib_a-nano-msizer.o)
 .comment       0x0000000000000039       0x3a /Users/lorenzo/ti/msp430-gcc-9.3.0.31_macos/bin/../lib/gcc/msp430-elf/9.3.0/large/libgcc.a(lib2divHI.o)
 .comment       0x0000000000000039       0x3a /Users/lorenzo/ti/msp430-gcc-9.3.0.31_macos/bin/../lib/gcc/msp430-elf/9.3.0/large/libgcc.a(lib2divSI.o)
 .comment       0x0000000000000039       0x3a /Users/lorenzo/ti/msp430-gcc-9.3.0.31_macos/bin/../lib/gcc/msp430-elf/9.3.0/large/libgcc.a(_udivdi3.o)
 .comment       0x0000000000000039       0x3a /Users/lorenzo/ti/msp430-gcc-9.3.0.31_macos/bin/../lib/gcc/msp430-elf/9.3.0/../../../../msp430-elf/lib/large/libnosys.a(write.o)
 .comment       0x0000000000000039       0x3a /Users/lorenzo/ti/msp430-gcc-9.3.0.31_macos/bin/../lib/gcc/msp430-elf/9.3.0/../../../../msp430-elf/lib/large/libnosys.a(exit.o)
 .comment       0x0000000000000039       0x3a /Users/lorenzo/ti/msp430-gcc-9.3.0.31_macos/bin/../lib/gcc/msp430-elf/9.3.0/../../../../msp430-elf/lib/large/libnosys.a(sbrk.o)
 .comment       0x0000000000000039       0x3a /Users/lorenzo/ti/msp430-gcc-9.3.0.31_macos/bin/../lib/gcc/msp430-elf/9.3.0/../../../../msp430-elf/lib/large/libc.a(lib_a-abort.o)
 .comment       0x0000000000000039       0x3a /Users/lorenzo/ti/msp430-gcc-9.3.0.31_macos/bin/../lib/gcc/msp430-elf/9.3.0/../../../../msp430-elf/lib/large/libc.a(lib_a-errno.o)
 .comment       0x0000000000000039       0x3a /Users/lorenzo/ti/msp430-gcc-9.3.0.31_macos/bin/../lib/gcc/msp430-elf/9.3.0/../../../../msp430-elf/lib/large/libc.a(lib_a-signal.o)
 .comment       0x0000000000000039       0x3a /Users/lorenzo/ti/msp430-gcc-9.3.0.31_macos/bin/../lib/gcc/msp430-elf/9.3.0/../../../../msp430-elf/lib/large/libc.a(lib_a-signalr.o)

.debug
 *(.debug)

.line
 *(.line)

.debug_srcinfo
 *(.debug_srcinfo)

.debug_sfnames
 *(.debug_sfnames)

.debug_aranges  0x0000000000000000      0x1f8
 *(.debug_aranges)
 .debug_aranges
                0x0000000000000000       0x20 ./application.o
 .debug_aranges
                0x0000000000000020       0x20 ./main.o
 .debug_aranges
                0x0000000000000040       0x20 ./monitor/monitor.o
 .debug_aranges
                0x0000000000000060       0x20 ./tiny-ink/boot.o
 .debug_aranges
                0x0000000000000080       0x20 ./tiny-ink/mcu/msp430/dma.o
 .debug_aranges
                0x00000000000000a0       0x20 ./tiny-ink/mcu/msp430/msp430fr5969.o
 .debug_aranges
                0x00000000000000c0       0x20 ./tiny-ink/scheduler/priority.o
 .debug_aranges
                0x00000000000000e0       0x20 ./tiny-ink/scheduler/scheduler.o
 .debug_aranges
                0x0000000000000100       0x20 ./tiny-ink/scheduler/thread.o
 .debug_aranges
                0x0000000000000120       0x58 /Users/lorenzo/ti/msp430-gcc-9.3.0.31_macos/bin/../lib/gcc/msp430-elf/9.3.0/../../../../msp430-elf/lib/large/libnosys.a(ciosyscalls.o)
 .debug_aranges
                0x0000000000000178       0x20 /Users/lorenzo/ti/msp430-gcc-9.3.0.31_macos/bin/../lib/gcc/msp430-elf/9.3.0/../../../../msp430-elf/lib/large/libnosys.a(write.o)
 .debug_aranges
                0x0000000000000198       0x20 /Users/lorenzo/ti/msp430-gcc-9.3.0.31_macos/bin/../lib/gcc/msp430-elf/9.3.0/../../../../msp430-elf/lib/large/libnosys.a(exit.o)
 .debug_aranges
                0x00000000000001b8       0x20 /Users/lorenzo/ti/msp430-gcc-9.3.0.31_macos/bin/../lib/gcc/msp430-elf/9.3.0/../../../../msp430-elf/lib/large/libnosys.a(sbrk.o)
 .debug_aranges
                0x00000000000001d8       0x20 /Users/lorenzo/ti/msp430-gcc-9.3.0.31_macos/bin/../lib/gcc/msp430-elf/9.3.0/../../../../msp430-elf/lib/large/libnosys.a(cio.o)

.debug_pubnames
 *(.debug_pubnames)

.debug_info     0x0000000000000000    0x1fb4a
 *(.debug_info .gnu.linkonce.wi.*)
 .debug_info    0x0000000000000000     0x3933 ./application.o
 .debug_info    0x0000000000003933     0x36a0 ./main.o
 .debug_info    0x0000000000006fd3     0x413b ./monitor/monitor.o
 .debug_info    0x000000000000b10e     0x3719 ./tiny-ink/boot.o
 .debug_info    0x000000000000e827     0x2e09 ./tiny-ink/mcu/msp430/dma.o
 .debug_info    0x0000000000011630     0x2d9b ./tiny-ink/mcu/msp430/msp430fr5969.o
 .debug_info    0x00000000000143cb     0x385c ./tiny-ink/scheduler/priority.o
 .debug_info    0x0000000000017c27     0x39fd ./tiny-ink/scheduler/scheduler.o
 .debug_info    0x000000000001b624     0x38a4 ./tiny-ink/scheduler/thread.o
 .debug_info    0x000000000001eec8       0x22 /Users/lorenzo/ti/msp430-gcc-9.3.0.31_macos/bin/../lib/gcc/msp430-elf/9.3.0/../../../../msp430-elf/lib/large/libnosys.a(ciosyscalls.o)
 .debug_info    0x000000000001eeea      0xabe /Users/lorenzo/ti/msp430-gcc-9.3.0.31_macos/bin/../lib/gcc/msp430-elf/9.3.0/../../../../msp430-elf/lib/large/libnosys.a(write.o)
 .debug_info    0x000000000001f9a8       0x4f /Users/lorenzo/ti/msp430-gcc-9.3.0.31_macos/bin/../lib/gcc/msp430-elf/9.3.0/../../../../msp430-elf/lib/large/libnosys.a(exit.o)
 .debug_info    0x000000000001f9f7      0x12d /Users/lorenzo/ti/msp430-gcc-9.3.0.31_macos/bin/../lib/gcc/msp430-elf/9.3.0/../../../../msp430-elf/lib/large/libnosys.a(sbrk.o)
 .debug_info    0x000000000001fb24       0x26 /Users/lorenzo/ti/msp430-gcc-9.3.0.31_macos/bin/../lib/gcc/msp430-elf/9.3.0/../../../../msp430-elf/lib/large/libnosys.a(cio.o)

.debug_abbrev   0x0000000000000000     0x1517
 *(.debug_abbrev)
 .debug_abbrev  0x0000000000000000      0x227 ./application.o
 .debug_abbrev  0x0000000000000227      0x1a1 ./main.o
 .debug_abbrev  0x00000000000003c8      0x2fd ./monitor/monitor.o
 .debug_abbrev  0x00000000000006c5      0x1cb ./tiny-ink/boot.o
 .debug_abbrev  0x0000000000000890       0xd0 ./tiny-ink/mcu/msp430/dma.o
 .debug_abbrev  0x0000000000000960       0x74 ./tiny-ink/mcu/msp430/msp430fr5969.o
 .debug_abbrev  0x00000000000009d4      0x237 ./tiny-ink/scheduler/priority.o
 .debug_abbrev  0x0000000000000c0b      0x2bc ./tiny-ink/scheduler/scheduler.o
 .debug_abbrev  0x0000000000000ec7      0x258 ./tiny-ink/scheduler/thread.o
 .debug_abbrev  0x000000000000111f       0x12 /Users/lorenzo/ti/msp430-gcc-9.3.0.31_macos/bin/../lib/gcc/msp430-elf/9.3.0/../../../../msp430-elf/lib/large/libnosys.a(ciosyscalls.o)
 .debug_abbrev  0x0000000000001131      0x264 /Users/lorenzo/ti/msp430-gcc-9.3.0.31_macos/bin/../lib/gcc/msp430-elf/9.3.0/../../../../msp430-elf/lib/large/libnosys.a(write.o)
 .debug_abbrev  0x0000000000001395       0x4f /Users/lorenzo/ti/msp430-gcc-9.3.0.31_macos/bin/../lib/gcc/msp430-elf/9.3.0/../../../../msp430-elf/lib/large/libnosys.a(exit.o)
 .debug_abbrev  0x00000000000013e4      0x11f /Users/lorenzo/ti/msp430-gcc-9.3.0.31_macos/bin/../lib/gcc/msp430-elf/9.3.0/../../../../msp430-elf/lib/large/libnosys.a(sbrk.o)
 .debug_abbrev  0x0000000000001503       0x14 /Users/lorenzo/ti/msp430-gcc-9.3.0.31_macos/bin/../lib/gcc/msp430-elf/9.3.0/../../../../msp430-elf/lib/large/libnosys.a(cio.o)

.debug_line     0x0000000000000000     0x33d0
 *(.debug_line .debug_line.* .debug_line_end)
 .debug_line    0x0000000000000000      0x311 ./application.o
 .debug_line    0x0000000000000311      0x1a4 ./main.o
 .debug_line    0x00000000000004b5     0x1822 ./monitor/monitor.o
 .debug_line    0x0000000000001cd7      0x28b ./tiny-ink/boot.o
 .debug_line    0x0000000000001f62      0x10b ./tiny-ink/mcu/msp430/dma.o
 .debug_line    0x000000000000206d      0x134 ./tiny-ink/mcu/msp430/msp430fr5969.o
 .debug_line    0x00000000000021a1      0x3fd ./tiny-ink/scheduler/priority.o
 .debug_line    0x000000000000259e      0x524 ./tiny-ink/scheduler/scheduler.o
 .debug_line    0x0000000000002ac2      0x3b2 ./tiny-ink/scheduler/thread.o
 .debug_line    0x0000000000002e74       0x54 /Users/lorenzo/ti/msp430-gcc-9.3.0.31_macos/bin/../lib/gcc/msp430-elf/9.3.0/../../../../msp430-elf/lib/large/libnosys.a(ciosyscalls.o)
 .debug_line.text.isatty
                0x0000000000002ec8       0x16 /Users/lorenzo/ti/msp430-gcc-9.3.0.31_macos/bin/../lib/gcc/msp430-elf/9.3.0/../../../../msp430-elf/lib/large/libnosys.a(ciosyscalls.o)
 .debug_line.text.getpid
                0x0000000000002ede       0x16 /Users/lorenzo/ti/msp430-gcc-9.3.0.31_macos/bin/../lib/gcc/msp430-elf/9.3.0/../../../../msp430-elf/lib/large/libnosys.a(ciosyscalls.o)
 .debug_line.text.close
                0x0000000000002ef4       0x11 /Users/lorenzo/ti/msp430-gcc-9.3.0.31_macos/bin/../lib/gcc/msp430-elf/9.3.0/../../../../msp430-elf/lib/large/libnosys.a(ciosyscalls.o)
 .debug_line.text.read
                0x0000000000002f05       0x11 /Users/lorenzo/ti/msp430-gcc-9.3.0.31_macos/bin/../lib/gcc/msp430-elf/9.3.0/../../../../msp430-elf/lib/large/libnosys.a(ciosyscalls.o)
 .debug_line.text.fstat
                0x0000000000002f16       0x11 /Users/lorenzo/ti/msp430-gcc-9.3.0.31_macos/bin/../lib/gcc/msp430-elf/9.3.0/../../../../msp430-elf/lib/large/libnosys.a(ciosyscalls.o)
 .debug_line.text.lseek
                0x0000000000002f27       0x11 /Users/lorenzo/ti/msp430-gcc-9.3.0.31_macos/bin/../lib/gcc/msp430-elf/9.3.0/../../../../msp430-elf/lib/large/libnosys.a(ciosyscalls.o)
 .debug_line.text.kill
                0x0000000000002f38       0x11 /Users/lorenzo/ti/msp430-gcc-9.3.0.31_macos/bin/../lib/gcc/msp430-elf/9.3.0/../../../../msp430-elf/lib/large/libnosys.a(ciosyscalls.o)
 .debug_line_end
                0x0000000000002f49        0x0 /Users/lorenzo/ti/msp430-gcc-9.3.0.31_macos/bin/../lib/gcc/msp430-elf/9.3.0/../../../../msp430-elf/lib/large/libnosys.a(ciosyscalls.o)
 .debug_line    0x0000000000002f49      0x18a /Users/lorenzo/ti/msp430-gcc-9.3.0.31_macos/bin/../lib/gcc/msp430-elf/9.3.0/../../../../msp430-elf/lib/large/libnosys.a(write.o)
 .debug_line.text.write
                0x00000000000030d3      0x140 /Users/lorenzo/ti/msp430-gcc-9.3.0.31_macos/bin/../lib/gcc/msp430-elf/9.3.0/../../../../msp430-elf/lib/large/libnosys.a(write.o)
 .debug_line_end
                0x0000000000003213        0x0 /Users/lorenzo/ti/msp430-gcc-9.3.0.31_macos/bin/../lib/gcc/msp430-elf/9.3.0/../../../../msp430-elf/lib/large/libnosys.a(write.o)
 .debug_line    0x0000000000003213       0x4d /Users/lorenzo/ti/msp430-gcc-9.3.0.31_macos/bin/../lib/gcc/msp430-elf/9.3.0/../../../../msp430-elf/lib/large/libnosys.a(exit.o)
 .debug_line.text.exit
                0x0000000000003260       0x34 /Users/lorenzo/ti/msp430-gcc-9.3.0.31_macos/bin/../lib/gcc/msp430-elf/9.3.0/../../../../msp430-elf/lib/large/libnosys.a(exit.o)
 .debug_line_end
                0x0000000000003294        0x0 /Users/lorenzo/ti/msp430-gcc-9.3.0.31_macos/bin/../lib/gcc/msp430-elf/9.3.0/../../../../msp430-elf/lib/large/libnosys.a(exit.o)
 .debug_line    0x0000000000003294       0x4d /Users/lorenzo/ti/msp430-gcc-9.3.0.31_macos/bin/../lib/gcc/msp430-elf/9.3.0/../../../../msp430-elf/lib/large/libnosys.a(sbrk.o)
 .debug_line.text._sbrk
                0x00000000000032e1       0x8d /Users/lorenzo/ti/msp430-gcc-9.3.0.31_macos/bin/../lib/gcc/msp430-elf/9.3.0/../../../../msp430-elf/lib/large/libnosys.a(sbrk.o)
 .debug_line_end
                0x000000000000336e        0x0 /Users/lorenzo/ti/msp430-gcc-9.3.0.31_macos/bin/../lib/gcc/msp430-elf/9.3.0/../../../../msp430-elf/lib/large/libnosys.a(sbrk.o)
 .debug_line    0x000000000000336e       0x62 /Users/lorenzo/ti/msp430-gcc-9.3.0.31_macos/bin/../lib/gcc/msp430-elf/9.3.0/../../../../msp430-elf/lib/large/libnosys.a(cio.o)
 .debug_line_end
                0x00000000000033d0        0x0 /Users/lorenzo/ti/msp430-gcc-9.3.0.31_macos/bin/../lib/gcc/msp430-elf/9.3.0/../../../../msp430-elf/lib/large/libnosys.a(cio.o)

.debug_frame    0x0000000000000000      0x78c
 *(.debug_frame)
 .debug_frame   0x0000000000000000       0x64 ./application.o
 .debug_frame   0x0000000000000064       0x24 ./main.o
 .debug_frame   0x0000000000000088      0x3c4 ./monitor/monitor.o
 .debug_frame   0x000000000000044c       0x44 ./tiny-ink/boot.o
 .debug_frame   0x0000000000000490       0x44 ./tiny-ink/mcu/msp430/dma.o
 .debug_frame   0x00000000000004d4       0x24 ./tiny-ink/mcu/msp430/msp430fr5969.o
 .debug_frame   0x00000000000004f8       0x90 ./tiny-ink/scheduler/priority.o
 .debug_frame   0x0000000000000588       0xf8 ./tiny-ink/scheduler/scheduler.o
 .debug_frame   0x0000000000000680       0x50 ./tiny-ink/scheduler/thread.o
 .debug_frame   0x00000000000006d0       0x64 /Users/lorenzo/ti/msp430-gcc-9.3.0.31_macos/bin/../lib/gcc/msp430-elf/9.3.0/../../../../msp430-elf/lib/large/libnosys.a(write.o)
 .debug_frame   0x0000000000000734       0x24 /Users/lorenzo/ti/msp430-gcc-9.3.0.31_macos/bin/../lib/gcc/msp430-elf/9.3.0/../../../../msp430-elf/lib/large/libnosys.a(exit.o)
 .debug_frame   0x0000000000000758       0x34 /Users/lorenzo/ti/msp430-gcc-9.3.0.31_macos/bin/../lib/gcc/msp430-elf/9.3.0/../../../../msp430-elf/lib/large/libnosys.a(sbrk.o)

.debug_str      0x0000000000000000     0x2f82
 *(.debug_str)
 .debug_str     0x0000000000000000     0x24f3 ./application.o
                                       0x2584 (size before relaxing)
 .debug_str     0x00000000000024f3        0xf ./main.o
                                       0x2409 (size before relaxing)
 .debug_str     0x0000000000002502      0x583 ./monitor/monitor.o
                                       0x2ace (size before relaxing)
 .debug_str     0x0000000000002a85       0x5c ./tiny-ink/boot.o
                                       0x2471 (size before relaxing)
 .debug_str     0x0000000000002ae1       0x38 ./tiny-ink/mcu/msp430/dma.o
                                       0x1fb3 (size before relaxing)
 .debug_str     0x0000000000002b19       0x31 ./tiny-ink/mcu/msp430/msp430fr5969.o
                                       0x1f94 (size before relaxing)
 .debug_str     0x0000000000002b4a       0xbb ./tiny-ink/scheduler/priority.o
                                       0x24d0 (size before relaxing)
 .debug_str     0x0000000000002c05       0xeb ./tiny-ink/scheduler/scheduler.o
                                       0x25b6 (size before relaxing)
 .debug_str     0x0000000000002cf0       0x44 ./tiny-ink/scheduler/thread.o
                                       0x2522 (size before relaxing)
 .debug_str     0x0000000000002d34       0xce /Users/lorenzo/ti/msp430-gcc-9.3.0.31_macos/bin/../lib/gcc/msp430-elf/9.3.0/../../../../msp430-elf/lib/large/libnosys.a(ciosyscalls.o)
 .debug_str     0x0000000000002e02       0xe2 /Users/lorenzo/ti/msp430-gcc-9.3.0.31_macos/bin/../lib/gcc/msp430-elf/9.3.0/../../../../msp430-elf/lib/large/libnosys.a(write.o)
                                        0x5a9 (size before relaxing)
 .debug_str     0x0000000000002ee4       0x34 /Users/lorenzo/ti/msp430-gcc-9.3.0.31_macos/bin/../lib/gcc/msp430-elf/9.3.0/../../../../msp430-elf/lib/large/libnosys.a(exit.o)
                                         0x94 (size before relaxing)
 .debug_str     0x0000000000002f18       0x3e /Users/lorenzo/ti/msp430-gcc-9.3.0.31_macos/bin/../lib/gcc/msp430-elf/9.3.0/../../../../msp430-elf/lib/large/libnosys.a(sbrk.o)
                                         0xa4 (size before relaxing)
 .debug_str     0x0000000000002f56       0x2c /Users/lorenzo/ti/msp430-gcc-9.3.0.31_macos/bin/../lib/gcc/msp430-elf/9.3.0/../../../../msp430-elf/lib/large/libnosys.a(cio.o)
                                         0xc6 (size before relaxing)

.debug_loc      0x0000000000000000      0x5ea
 *(.debug_loc)
 .debug_loc     0x0000000000000000       0xae ./application.o
 .debug_loc     0x00000000000000ae      0x247 ./monitor/monitor.o
 .debug_loc     0x00000000000002f5       0x1e ./tiny-ink/mcu/msp430/dma.o
 .debug_loc     0x0000000000000313       0x75 ./tiny-ink/scheduler/priority.o
 .debug_loc     0x0000000000000388       0xb4 ./tiny-ink/scheduler/scheduler.o
 .debug_loc     0x000000000000043c       0x44 ./tiny-ink/scheduler/thread.o
 .debug_loc     0x0000000000000480       0xfb /Users/lorenzo/ti/msp430-gcc-9.3.0.31_macos/bin/../lib/gcc/msp430-elf/9.3.0/../../../../msp430-elf/lib/large/libnosys.a(write.o)
 .debug_loc     0x000000000000057b       0x6f /Users/lorenzo/ti/msp430-gcc-9.3.0.31_macos/bin/../lib/gcc/msp430-elf/9.3.0/../../../../msp430-elf/lib/large/libnosys.a(sbrk.o)

.debug_macinfo
 *(.debug_macinfo)

.debug_weaknames
 *(.debug_weaknames)

.debug_funcnames
 *(.debug_funcnames)

.debug_typenames
 *(.debug_typenames)

.debug_varnames
 *(.debug_varnames)

.debug_pubtypes
 *(.debug_pubtypes)

.debug_ranges   0x0000000000000000       0xd0
 *(.debug_ranges)
 .debug_ranges  0x0000000000000000       0x18 ./tiny-ink/scheduler/scheduler.o
 .debug_ranges  0x0000000000000018       0x50 /Users/lorenzo/ti/msp430-gcc-9.3.0.31_macos/bin/../lib/gcc/msp430-elf/9.3.0/../../../../msp430-elf/lib/large/libnosys.a(ciosyscalls.o)
 .debug_ranges  0x0000000000000068       0x48 /Users/lorenzo/ti/msp430-gcc-9.3.0.31_macos/bin/../lib/gcc/msp430-elf/9.3.0/../../../../msp430-elf/lib/large/libnosys.a(write.o)
 .debug_ranges  0x00000000000000b0       0x10 /Users/lorenzo/ti/msp430-gcc-9.3.0.31_macos/bin/../lib/gcc/msp430-elf/9.3.0/../../../../msp430-elf/lib/large/libnosys.a(exit.o)
 .debug_ranges  0x00000000000000c0       0x10 /Users/lorenzo/ti/msp430-gcc-9.3.0.31_macos/bin/../lib/gcc/msp430-elf/9.3.0/../../../../msp430-elf/lib/large/libnosys.a(sbrk.o)

.debug_macro
 *(.debug_macro)

/DISCARD/
 *(.note.GNU-stack)
                [!provide]                        PROVIDE (ADC12CTL0 = 0x800)
                [!provide]                        PROVIDE (ADC12CTL0_L = 0x800)
                [!provide]                        PROVIDE (ADC12CTL0_H = 0x801)
                [!provide]                        PROVIDE (ADC12CTL1 = 0x802)
                [!provide]                        PROVIDE (ADC12CTL1_L = 0x802)
                [!provide]                        PROVIDE (ADC12CTL1_H = 0x803)
                [!provide]                        PROVIDE (ADC12CTL2 = 0x804)
                [!provide]                        PROVIDE (ADC12CTL2_L = 0x804)
                [!provide]                        PROVIDE (ADC12CTL2_H = 0x805)
                [!provide]                        PROVIDE (ADC12CTL3 = 0x806)
                [!provide]                        PROVIDE (ADC12CTL3_L = 0x806)
                [!provide]                        PROVIDE (ADC12CTL3_H = 0x807)
                [!provide]                        PROVIDE (ADC12LO = 0x808)
                [!provide]                        PROVIDE (ADC12LO_L = 0x808)
                [!provide]                        PROVIDE (ADC12LO_H = 0x809)
                [!provide]                        PROVIDE (ADC12HI = 0x80a)
                [!provide]                        PROVIDE (ADC12HI_L = 0x80a)
                [!provide]                        PROVIDE (ADC12HI_H = 0x80b)
                [!provide]                        PROVIDE (ADC12IFGR0 = 0x80c)
                [!provide]                        PROVIDE (ADC12IFGR0_L = 0x80c)
                [!provide]                        PROVIDE (ADC12IFGR0_H = 0x80d)
                [!provide]                        PROVIDE (ADC12IFGR1 = 0x80e)
                [!provide]                        PROVIDE (ADC12IFGR1_L = 0x80e)
                [!provide]                        PROVIDE (ADC12IFGR1_H = 0x80f)
                [!provide]                        PROVIDE (ADC12IFGR2 = 0x810)
                [!provide]                        PROVIDE (ADC12IFGR2_L = 0x810)
                [!provide]                        PROVIDE (ADC12IFGR2_H = 0x811)
                [!provide]                        PROVIDE (ADC12IER0 = 0x812)
                [!provide]                        PROVIDE (ADC12IER0_L = 0x812)
                [!provide]                        PROVIDE (ADC12IER0_H = 0x813)
                [!provide]                        PROVIDE (ADC12IER1 = 0x814)
                [!provide]                        PROVIDE (ADC12IER1_L = 0x814)
                [!provide]                        PROVIDE (ADC12IER1_H = 0x815)
                [!provide]                        PROVIDE (ADC12IER2 = 0x816)
                [!provide]                        PROVIDE (ADC12IER2_L = 0x816)
                [!provide]                        PROVIDE (ADC12IER2_H = 0x817)
                [!provide]                        PROVIDE (ADC12IV = 0x818)
                [!provide]                        PROVIDE (ADC12IV_L = 0x818)
                [!provide]                        PROVIDE (ADC12IV_H = 0x819)
                [!provide]                        PROVIDE (ADC12MCTL0 = 0x820)
                [!provide]                        PROVIDE (ADC12MCTL0_L = 0x820)
                [!provide]                        PROVIDE (ADC12MCTL0_H = 0x821)
                [!provide]                        PROVIDE (ADC12MCTL1 = 0x822)
                [!provide]                        PROVIDE (ADC12MCTL1_L = 0x822)
                [!provide]                        PROVIDE (ADC12MCTL1_H = 0x823)
                [!provide]                        PROVIDE (ADC12MCTL2 = 0x824)
                [!provide]                        PROVIDE (ADC12MCTL2_L = 0x824)
                [!provide]                        PROVIDE (ADC12MCTL2_H = 0x825)
                [!provide]                        PROVIDE (ADC12MCTL3 = 0x826)
                [!provide]                        PROVIDE (ADC12MCTL3_L = 0x826)
                [!provide]                        PROVIDE (ADC12MCTL3_H = 0x827)
                [!provide]                        PROVIDE (ADC12MCTL4 = 0x828)
                [!provide]                        PROVIDE (ADC12MCTL4_L = 0x828)
                [!provide]                        PROVIDE (ADC12MCTL4_H = 0x829)
                [!provide]                        PROVIDE (ADC12MCTL5 = 0x82a)
                [!provide]                        PROVIDE (ADC12MCTL5_L = 0x82a)
                [!provide]                        PROVIDE (ADC12MCTL5_H = 0x82b)
                [!provide]                        PROVIDE (ADC12MCTL6 = 0x82c)
                [!provide]                        PROVIDE (ADC12MCTL6_L = 0x82c)
                [!provide]                        PROVIDE (ADC12MCTL6_H = 0x82d)
                [!provide]                        PROVIDE (ADC12MCTL7 = 0x82e)
                [!provide]                        PROVIDE (ADC12MCTL7_L = 0x82e)
                [!provide]                        PROVIDE (ADC12MCTL7_H = 0x82f)
                [!provide]                        PROVIDE (ADC12MCTL8 = 0x830)
                [!provide]                        PROVIDE (ADC12MCTL8_L = 0x830)
                [!provide]                        PROVIDE (ADC12MCTL8_H = 0x831)
                [!provide]                        PROVIDE (ADC12MCTL9 = 0x832)
                [!provide]                        PROVIDE (ADC12MCTL9_L = 0x832)
                [!provide]                        PROVIDE (ADC12MCTL9_H = 0x833)
                [!provide]                        PROVIDE (ADC12MCTL10 = 0x834)
                [!provide]                        PROVIDE (ADC12MCTL10_L = 0x834)
                [!provide]                        PROVIDE (ADC12MCTL10_H = 0x835)
                [!provide]                        PROVIDE (ADC12MCTL11 = 0x836)
                [!provide]                        PROVIDE (ADC12MCTL11_L = 0x836)
                [!provide]                        PROVIDE (ADC12MCTL11_H = 0x837)
                [!provide]                        PROVIDE (ADC12MCTL12 = 0x838)
                [!provide]                        PROVIDE (ADC12MCTL12_L = 0x838)
                [!provide]                        PROVIDE (ADC12MCTL12_H = 0x839)
                [!provide]                        PROVIDE (ADC12MCTL13 = 0x83a)
                [!provide]                        PROVIDE (ADC12MCTL13_L = 0x83a)
                [!provide]                        PROVIDE (ADC12MCTL13_H = 0x83b)
                [!provide]                        PROVIDE (ADC12MCTL14 = 0x83c)
                [!provide]                        PROVIDE (ADC12MCTL14_L = 0x83c)
                [!provide]                        PROVIDE (ADC12MCTL14_H = 0x83d)
                [!provide]                        PROVIDE (ADC12MCTL15 = 0x83e)
                [!provide]                        PROVIDE (ADC12MCTL15_L = 0x83e)
                [!provide]                        PROVIDE (ADC12MCTL15_H = 0x83f)
                [!provide]                        PROVIDE (ADC12MCTL16 = 0x840)
                [!provide]                        PROVIDE (ADC12MCTL16_L = 0x840)
                [!provide]                        PROVIDE (ADC12MCTL16_H = 0x841)
                [!provide]                        PROVIDE (ADC12MCTL17 = 0x842)
                [!provide]                        PROVIDE (ADC12MCTL17_L = 0x842)
                [!provide]                        PROVIDE (ADC12MCTL17_H = 0x843)
                [!provide]                        PROVIDE (ADC12MCTL18 = 0x844)
                [!provide]                        PROVIDE (ADC12MCTL18_L = 0x844)
                [!provide]                        PROVIDE (ADC12MCTL18_H = 0x845)
                [!provide]                        PROVIDE (ADC12MCTL19 = 0x846)
                [!provide]                        PROVIDE (ADC12MCTL19_L = 0x846)
                [!provide]                        PROVIDE (ADC12MCTL19_H = 0x847)
                [!provide]                        PROVIDE (ADC12MCTL20 = 0x848)
                [!provide]                        PROVIDE (ADC12MCTL20_L = 0x848)
                [!provide]                        PROVIDE (ADC12MCTL20_H = 0x849)
                [!provide]                        PROVIDE (ADC12MCTL21 = 0x84a)
                [!provide]                        PROVIDE (ADC12MCTL21_L = 0x84a)
                [!provide]                        PROVIDE (ADC12MCTL21_H = 0x84b)
                [!provide]                        PROVIDE (ADC12MCTL22 = 0x84c)
                [!provide]                        PROVIDE (ADC12MCTL22_L = 0x84c)
                [!provide]                        PROVIDE (ADC12MCTL22_H = 0x84d)
                [!provide]                        PROVIDE (ADC12MCTL23 = 0x84e)
                [!provide]                        PROVIDE (ADC12MCTL23_L = 0x84e)
                [!provide]                        PROVIDE (ADC12MCTL23_H = 0x84f)
                [!provide]                        PROVIDE (ADC12MCTL24 = 0x850)
                [!provide]                        PROVIDE (ADC12MCTL24_L = 0x850)
                [!provide]                        PROVIDE (ADC12MCTL24_H = 0x851)
                [!provide]                        PROVIDE (ADC12MCTL25 = 0x852)
                [!provide]                        PROVIDE (ADC12MCTL25_L = 0x852)
                [!provide]                        PROVIDE (ADC12MCTL25_H = 0x853)
                [!provide]                        PROVIDE (ADC12MCTL26 = 0x854)
                [!provide]                        PROVIDE (ADC12MCTL26_L = 0x854)
                [!provide]                        PROVIDE (ADC12MCTL26_H = 0x855)
                [!provide]                        PROVIDE (ADC12MCTL27 = 0x856)
                [!provide]                        PROVIDE (ADC12MCTL27_L = 0x856)